Component: ARM Compiler 5.06 update 5 (build 528) Tool: armlink [4d35e2]

==============================================================================

Section Cross References

    startup_stm32f103xb.o(RESET) refers to startup_stm32f103xb.o(STACK) for __initial_sp
    startup_stm32f103xb.o(RESET) refers to startup_stm32f103xb.o(.text) for Reset_Handler
    startup_stm32f103xb.o(RESET) refers to stm32f1xx_it.o(i.NMI_Handler) for NMI_Handler
    startup_stm32f103xb.o(RESET) refers to stm32f1xx_it.o(i.HardFault_Handler) for HardFault_Handler
    startup_stm32f103xb.o(RESET) refers to stm32f1xx_it.o(i.MemManage_Handler) for MemManage_Handler
    startup_stm32f103xb.o(RESET) refers to stm32f1xx_it.o(i.BusFault_Handler) for BusFault_Handler
    startup_stm32f103xb.o(RESET) refers to stm32f1xx_it.o(i.UsageFault_Handler) for UsageFault_Handler
    startup_stm32f103xb.o(RESET) refers to stm32f1xx_it.o(i.SVC_Handler) for SVC_Handler
    startup_stm32f103xb.o(RESET) refers to stm32f1xx_it.o(i.DebugMon_Handler) for DebugMon_Handler
    startup_stm32f103xb.o(RESET) refers to stm32f1xx_it.o(i.PendSV_Handler) for PendSV_Handler
    startup_stm32f103xb.o(RESET) refers to stm32f1xx_it.o(i.SysTick_Handler) for SysTick_Handler
    startup_stm32f103xb.o(RESET) refers to stm32f1xx_it.o(i.DMA1_Channel1_IRQHandler) for DMA1_Channel1_IRQHandler
    startup_stm32f103xb.o(RESET) refers to stm32f1xx_it.o(i.DMA1_Channel5_IRQHandler) for DMA1_Channel5_IRQHandler
    startup_stm32f103xb.o(RESET) refers to stm32f1xx_it.o(i.DMA1_Channel6_IRQHandler) for DMA1_Channel6_IRQHandler
    startup_stm32f103xb.o(RESET) refers to stm32f1xx_it.o(i.ADC1_2_IRQHandler) for ADC1_2_IRQHandler
    startup_stm32f103xb.o(RESET) refers to stm32f1xx_it.o(i.I2C1_EV_IRQHandler) for I2C1_EV_IRQHandler
    startup_stm32f103xb.o(RESET) refers to stm32f1xx_it.o(i.USART1_IRQHandler) for USART1_IRQHandler
    startup_stm32f103xb.o(.text) refers to system_stm32f1xx.o(i.SystemInit) for SystemInit
    startup_stm32f103xb.o(.text) refers to entry.o(.ARM.Collect$$$$00000000) for __main
    main.o(i.SystemClock_Config) refers to memseta.o(.text) for __aeabi_memclr4
    main.o(i.SystemClock_Config) refers to stm32f1xx_hal_rcc.o(i.HAL_RCC_OscConfig) for HAL_RCC_OscConfig
    main.o(i.SystemClock_Config) refers to stm32f1xx_hal_rcc.o(i.HAL_RCC_ClockConfig) for HAL_RCC_ClockConfig
    main.o(i.SystemClock_Config) refers to stm32f1xx_hal_rcc_ex.o(i.HAL_RCCEx_PeriphCLKConfig) for HAL_RCCEx_PeriphCLKConfig
    main.o(i.main) refers to stm32f1xx_hal.o(i.HAL_Init) for HAL_Init
    main.o(i.main) refers to main.o(i.SystemClock_Config) for SystemClock_Config
    main.o(i.main) refers to gpio.o(i.MX_GPIO_Init) for MX_GPIO_Init
    main.o(i.main) refers to dma.o(i.MX_DMA_Init) for MX_DMA_Init
    main.o(i.main) refers to usart.o(i.MX_USART1_UART_Init) for MX_USART1_UART_Init
    main.o(i.main) refers to i2c.o(i.MX_I2C1_Init) for MX_I2C1_Init
    main.o(i.main) refers to adc.o(i.MX_ADC1_Init) for MX_ADC1_Init
    main.o(i.main) refers to schelder.o(i.schelder_init) for schelder_init
    main.o(i.main) refers to ringbuffer.o(i.ringbuffer_init) for ringbuffer_init
    main.o(i.main) refers to oled.o(i.OLED_init) for OLED_init
    main.o(i.main) refers to key_app.o(i.key_init) for key_init
    main.o(i.main) refers to auto_menu.o(i.menu_init) for menu_init
    main.o(i.main) refers to stm32f1xx_hal_adc.o(i.HAL_ADC_Start_DMA) for HAL_ADC_Start_DMA
    main.o(i.main) refers to schelder.o(i.schelder_run) for schelder_run
    main.o(i.main) refers to uart_app.o(.bss) for usart_rb
    main.o(i.main) refers to adc_app.o(.bss) for dma_buff
    main.o(i.main) refers to adc.o(.bss) for hadc1
    gpio.o(i.MX_GPIO_Init) refers to stm32f1xx_hal_gpio.o(i.HAL_GPIO_Init) for HAL_GPIO_Init
    adc.o(i.HAL_ADC_MspDeInit) refers to stm32f1xx_hal_gpio.o(i.HAL_GPIO_DeInit) for HAL_GPIO_DeInit
    adc.o(i.HAL_ADC_MspDeInit) refers to stm32f1xx_hal_dma.o(i.HAL_DMA_DeInit) for HAL_DMA_DeInit
    adc.o(i.HAL_ADC_MspDeInit) refers to stm32f1xx_hal_cortex.o(i.HAL_NVIC_DisableIRQ) for HAL_NVIC_DisableIRQ
    adc.o(i.HAL_ADC_MspInit) refers to stm32f1xx_hal_gpio.o(i.HAL_GPIO_Init) for HAL_GPIO_Init
    adc.o(i.HAL_ADC_MspInit) refers to stm32f1xx_hal_dma.o(i.HAL_DMA_Init) for HAL_DMA_Init
    adc.o(i.HAL_ADC_MspInit) refers to main.o(i.Error_Handler) for Error_Handler
    adc.o(i.HAL_ADC_MspInit) refers to stm32f1xx_hal_cortex.o(i.HAL_NVIC_SetPriority) for HAL_NVIC_SetPriority
    adc.o(i.HAL_ADC_MspInit) refers to stm32f1xx_hal_cortex.o(i.HAL_NVIC_EnableIRQ) for HAL_NVIC_EnableIRQ
    adc.o(i.HAL_ADC_MspInit) refers to adc.o(.bss) for .bss
    adc.o(i.MX_ADC1_Init) refers to stm32f1xx_hal_adc.o(i.HAL_ADC_Init) for HAL_ADC_Init
    adc.o(i.MX_ADC1_Init) refers to main.o(i.Error_Handler) for Error_Handler
    adc.o(i.MX_ADC1_Init) refers to stm32f1xx_hal_adc.o(i.HAL_ADC_ConfigChannel) for HAL_ADC_ConfigChannel
    adc.o(i.MX_ADC1_Init) refers to adc.o(.bss) for .bss
[...]
    .text                                    0x080008e4   Section       48  cdrcmple.o(.text)
    .text                                    0x08000914   Section       36  init.o(.text)
    .text                                    0x08000938   Section        0  llshl.o(.text)
    .text                                    0x08000956   Section        0  llsshr.o(.text)
    i.ADC1_2_IRQHandler                      0x0800097c   Section        0  stm32f1xx_it.o(i.ADC1_2_IRQHandler)
    i.ADC_ConversionStop_Disable             0x08000988   Section        0  stm32f1xx_hal_adc.o(i.ADC_ConversionStop_Disable)
    i.ADC_DMAConvCplt                        0x080009de   Section        0  stm32f1xx_hal_adc.o(i.ADC_DMAConvCplt)
    i.ADC_DMAError                           0x08000a2c   Section        0  stm32f1xx_hal_adc.o(i.ADC_DMAError)
    i.ADC_DMAHalfConvCplt                    0x08000a46   Section        0  stm32f1xx_hal_adc.o(i.ADC_DMAHalfConvCplt)
    i.ADC_Enable                             0x08000a50   Section        0  stm32f1xx_hal_adc.o(i.ADC_Enable)
    i.Btn_0_handler                          0x08000acc   Section        0  key_app.o(i.Btn_0_handler)
    Btn_0_handler                            0x08000acd   Thumb Code    50  key_app.o(i.Btn_0_handler)
    i.Btn_1_handler                          0x08000b48   Section        0  key_app.o(i.Btn_1_handler)
    Btn_1_handler                            0x08000b49   Thumb Code    50  key_app.o(i.Btn_1_handler)
    i.Btn_2_handler                          0x08000bc4   Section        0  key_app.o(i.Btn_2_handler)
    Btn_2_handler                            0x08000bc5   Thumb Code    44  key_app.o(i.Btn_2_handler)
    i.Btn_3_handler                          0x08000c3c   Section        0  key_app.o(i.Btn_3_handler)
    Btn_3_handler                            0x08000c3d   Thumb Code   410  key_app.o(i.Btn_3_handler)
    i.BusFault_Handler                       0x08000ed4   Section        0  stm32f1xx_it.o(i.BusFault_Handler)
    i.DMA1_Channel1_IRQHandler               0x08000ed8   Section        0  stm32f1xx_it.o(i.DMA1_Channel1_IRQHandler)
    i.DMA1_Channel5_IRQHandler               0x08000ee4   Section        0  stm32f1xx_it.o(i.DMA1_Channel5_IRQHandler)
    i.DMA1_Channel6_IRQHandler               0x08000ef0   Section        0  stm32f1xx_it.o(i.DMA1_Channel6_IRQHandler)
    i.DMA_SetConfig                          0x08000efc   Section        0  stm32f1xx_hal_dma.o(i.DMA_SetConfig)
    DMA_SetConfig                            0x08000efd   Thumb Code    42  stm32f1xx_hal_dma.o(i.DMA_SetConfig)
    i.DebugMon_Handler                       0x08000f26   Section        0  stm32f1xx_it.o(i.DebugMon_Handler)
    i.Error_Handler                          0x08000f28   Section        0  main.o(i.Error_Handler)
    i.HAL_ADCEx_InjectedConvCpltCallback     0x08000f2c   Section        0  stm32f1xx_hal_adc_ex.o(i.HAL_ADCEx_InjectedConvCpltCallback)
    i.HAL_ADC_ConfigChannel                  0x08000f30   Section        0  stm32f1xx_hal_adc.o(i.HAL_ADC_ConfigChannel)
    i.HAL_ADC_ConvCpltCallback               0x0800102c   Section        0  stm32f1xx_hal_adc.o(i.HAL_ADC_ConvCpltCallback)
    i.HAL_ADC_ConvHalfCpltCallback           0x0800102e   Section        0  stm32f1xx_hal_adc.o(i.HAL_ADC_ConvHalfCpltCallback)
    i.HAL_ADC_ErrorCallback                  0x08001030   Section        0  stm32f1xx_hal_adc.o(i.HAL_ADC_ErrorCallback)
    i.HAL_ADC_IRQHandler                     0x08001032   Section        0  stm32f1xx_hal_adc.o(i.HAL_ADC_IRQHandler)
    i.HAL_ADC_Init                           0x08001110   Section        0  stm32f1xx_hal_adc.o(i.HAL_ADC_Init)
    i.HAL_ADC_LevelOutOfWindowCallback       0x0800122c   Section        0  stm32f1xx_hal_adc.o(i.HAL_ADC_LevelOutOfWindowCallback)
    i.HAL_ADC_MspInit                        0x08001230   Section        0  adc.o(i.HAL_ADC_MspInit)
    i.HAL_ADC_Start_DMA                      0x080012d0   Section        0  stm32f1xx_hal_adc.o(i.HAL_ADC_Start_DMA)
    i.HAL_DMA_Abort                          0x080013dc   Section        0  stm32f1xx_hal_dma.o(i.HAL_DMA_Abort)
    i.HAL_DMA_Abort_IT                       0x08001424   Section        0  stm32f1xx_hal_dma.o(i.HAL_DMA_Abort_IT)
    i.HAL_DMA_GetState                       0x080014bc   Section        0  stm32f1xx_hal_dma.o(i.HAL_DMA_GetState)
    i.HAL_DMA_IRQHandler                     0x080014c4   Section        0  stm32f1xx_hal_dma.o(i.HAL_DMA_IRQHandler)
    i.HAL_DMA_Init                           0x08001618   Section        0  stm32f1xx_hal_dma.o(i.HAL_DMA_Init)
    i.HAL_DMA_Start_IT                       0x08001674   Section        0  stm32f1xx_hal_dma.o(i.HAL_DMA_Start_IT)
    i.HAL_GPIO_Init                          0x080016e4   Section        0  stm32f1xx_hal_gpio.o(i.HAL_GPIO_Init)
    i.HAL_GPIO_ReadPin                       0x080018c4   Section        0  stm32f1xx_hal_gpio.o(i.HAL_GPIO_ReadPin)
    i.HAL_GetTick                            0x080018d0   Section        0  stm32f1xx_hal.o(i.HAL_GetTick)
    i.HAL_I2C_AbortCpltCallback              0x080018dc   Section        0  stm32f1xx_hal_i2c.o(i.HAL_I2C_AbortCpltCallback)
    i.HAL_I2C_AddrCallback                   0x080018de   Section        0  stm32f1xx_hal_i2c.o(i.HAL_I2C_AddrCallback)
    i.HAL_I2C_EV_IRQHandler                  0x080018e0   Section        0  stm32f1xx_hal_i2c.o(i.HAL_I2C_EV_IRQHandler)
    i.HAL_I2C_ErrorCallback                  0x08001b10   Section        0  stm32f1xx_hal_i2c.o(i.HAL_I2C_ErrorCallback)
    i.HAL_I2C_Init                           0x08001b14   Section        0  stm32f1xx_hal_i2c.o(i.HAL_I2C_Init)
    i.HAL_I2C_ListenCpltCallback             0x08001c9c   Section        0  stm32f1xx_hal_i2c.o(i.HAL_I2C_ListenCpltCallback)
    i.HAL_I2C_MasterRxCpltCallback           0x08001c9e   Section        0  stm32f1xx_hal_i2c.o(i.HAL_I2C_MasterRxCpltCallback)
    i.HAL_I2C_MasterTxCpltCallback           0x08001ca0   Section        0  oled.o(i.HAL_I2C_MasterTxCpltCallback)
    i.HAL_I2C_Master_Transmit_DMA            0x08001cd4   Section        0  stm32f1xx_hal_i2c.o(i.HAL_I2C_Master_Transmit_DMA)
    i.HAL_I2C_MemRxCpltCallback              0x08001e28   Section        0  stm32f1xx_hal_i2c.o(i.HAL_I2C_MemRxCpltCallback)
    i.HAL_I2C_MemTxCpltCallback              0x08001e2c   Section        0  oled.o(i.HAL_I2C_MemTxCpltCallback)
    i.HAL_I2C_Mem_Write_DMA                  0x08001e64   Section        0  stm32f1xx_hal_i2c.o(i.HAL_I2C_Mem_Write_DMA)
    i.HAL_I2C_MspInit                        0x08001ff4   Section        0  i2c.o(i.HAL_I2C_MspInit)
    i.HAL_I2C_SlaveRxCpltCallback            0x080020a8   Section        0  stm32f1xx_hal_i2c.o(i.HAL_I2C_SlaveRxCpltCallback)
    i.HAL_I2C_SlaveTxCpltCallback            0x080020aa   Section        0  stm32f1xx_hal_i2c.o(i.HAL_I2C_SlaveTxCpltCallback)
    i.HAL_IncTick                            0x080020ac   Section        0  stm32f1xx_hal.o(i.HAL_IncTick)
    i.HAL_Init                               0x080020bc   Section        0  stm32f1xx_hal.o(i.HAL_Init)
    i.HAL_InitTick                           0x080020e0   Section        0  stm32f1xx_hal.o(i.HAL_InitTick)
    i.HAL_MspInit                            0x08002120   Section        0  stm32f1xx_hal_msp.o(i.HAL_MspInit)
    i.HAL_NVIC_EnableIRQ                     0x0800215c   Section        0  stm32f1xx_hal_cortex.o(i.HAL_NVIC_EnableIRQ)
    i.HAL_NVIC_SetPriority                   0x08002178   Section        0  stm32f1xx_hal_cortex.o(i.HAL_NVIC_SetPriority)
    i.HAL_NVIC_SetPriorityGrouping           0x080021b8   Section        0  stm32f1xx_hal_cortex.o(i.HAL_NVIC_SetPriorityGrouping)
    i.HAL_RCCEx_PeriphCLKConfig              0x080021dc   Section        0  stm32f1xx_hal_rcc_ex.o(i.HAL_RCCEx_PeriphCLKConfig)
    i.HAL_RCC_ClockConfig                    0x080022c8   Section        0  stm32f1xx_hal_rcc.o(i.HAL_RCC_ClockConfig)
    i.HAL_RCC_GetPCLK1Freq                   0x080023f4   Section        0  stm32f1xx_hal_rcc.o(i.HAL_RCC_GetPCLK1Freq)
    i.HAL_RCC_GetPCLK2Freq                   0x08002414   Section        0  stm32f1xx_hal_rcc.o(i.HAL_RCC_GetPCLK2Freq)
    i.HAL_RCC_GetSysClockFreq                0x08002434   Section        0  stm32f1xx_hal_rcc.o(i.HAL_RCC_GetSysClockFreq)
    i.HAL_RCC_OscConfig                      0x08002480   Section        0  stm32f1xx_hal_rcc.o(i.HAL_RCC_OscConfig)
    i.HAL_SYSTICK_Config                     0x080027a0   Section        0  stm32f1xx_hal_cortex.o(i.HAL_SYSTICK_Config)
    i.HAL_UARTEx_ReceiveToIdle_DMA           0x080027c8   Section        0  stm32f1xx_hal_uart.o(i.HAL_UARTEx_ReceiveToIdle_DMA)
    i.HAL_UARTEx_RxEventCallback             0x08002814   Section        0  uart_app.o(i.HAL_UARTEx_RxEventCallback)
    i.HAL_UART_ErrorCallback                 0x08002840   Section        0  stm32f1xx_hal_uart.o(i.HAL_UART_ErrorCallback)
    i.HAL_UART_IRQHandler                    0x08002844   Section        0  stm32f1xx_hal_uart.o(i.HAL_UART_IRQHandler)
    i.HAL_UART_Init                          0x08002ab0   Section        0  stm32f1xx_hal_uart.o(i.HAL_UART_Init)
    i.HAL_UART_MspInit                       0x08002b14   Section        0  usart.o(i.HAL_UART_MspInit)
    i.HAL_UART_RxCpltCallback                0x08002bc4   Section        0  stm32f1xx_hal_uart.o(i.HAL_UART_RxCpltCallback)
    i.HAL_UART_RxHalfCpltCallback            0x08002bc6   Section        0  stm32f1xx_hal_uart.o(i.HAL_UART_RxHalfCpltCallback)
    i.HAL_UART_Transmit                      0x08002bc8   Section        0  stm32f1xx_hal_uart.o(i.HAL_UART_Transmit)
    i.HAL_UART_TxCpltCallback                0x08002c68   Section        0  stm32f1xx_hal_uart.o(i.HAL_UART_TxCpltCallback)
    i.HardFault_Handler                      0x08002c6a   Section        0  stm32f1xx_it.o(i.HardFault_Handler)
    i.I2C1_EV_IRQHandler                     0x08002c6c   Section        0  stm32f1xx_it.o(i.I2C1_EV_IRQHandler)
    i.I2C_DMAAbort                           0x08002c78   Section        0  stm32f1xx_hal_i2c.o(i.I2C_DMAAbort)
    I2C_DMAAbort                             0x08002c79   Thumb Code   182  stm32f1xx_hal_i2c.o(i.I2C_DMAAbort)
    i.I2C_DMAError                           0x08002d34   Section        0  stm32f1xx_hal_i2c.o(i.I2C_DMAError)
    I2C_DMAError                             0x08002d35   Thumb Code    54  stm32f1xx_hal_i2c.o(i.I2C_DMAError)
    i.I2C_DMAXferCplt                        0x08002d6a   Section        0  stm32f1xx_hal_i2c.o(i.I2C_DMAXferCplt)
    I2C_DMAXferCplt                          0x08002d6b   Thumb Code   274  stm32f1xx_hal_i2c.o(i.I2C_DMAXferCplt)
    i.I2C_Flush_DR                           0x08002e7c   Section        0  stm32f1xx_hal_i2c.o(i.I2C_Flush_DR)
    I2C_Flush_DR                             0x08002e7d   Thumb Code    16  stm32f1xx_hal_i2c.o(i.I2C_Flush_DR)
    i.I2C_ITError                            0x08002e8c   Section        0  stm32f1xx_hal_i2c.o(i.I2C_ITError)
    I2C_ITError                              0x08002e8d   Thumb Code   336  stm32f1xx_hal_i2c.o(i.I2C_ITError)
    i.I2C_IsAcknowledgeFailed                0x08002fe4   Section        0  stm32f1xx_hal_i2c.o(i.I2C_IsAcknowledgeFailed)
    I2C_IsAcknowledgeFailed                  0x08002fe5   Thumb Code    46  stm32f1xx_hal_i2c.o(i.I2C_IsAcknowledgeFailed)
    i.I2C_MasterReceive_BTF                  0x08003012   Section        0  stm32f1xx_hal_i2c.o(i.I2C_MasterReceive_BTF)
    I2C_MasterReceive_BTF                    0x08003013   Thumb Code   218  stm32f1xx_hal_i2c.o(i.I2C_MasterReceive_BTF)
    i.I2C_MasterReceive_RXNE                 0x080030ec   Section        0  stm32f1xx_hal_i2c.o(i.I2C_MasterReceive_RXNE)
    I2C_MasterReceive_RXNE                   0x080030ed   Thumb Code   238  stm32f1xx_hal_i2c.o(i.I2C_MasterReceive_RXNE)
    i.I2C_MasterTransmit_BTF                 0x080031e0   Section        0  stm32f1xx_hal_i2c.o(i.I2C_MasterTransmit_BTF)
    I2C_MasterTransmit_BTF                   0x080031e1   Thumb Code   130  stm32f1xx_hal_i2c.o(i.I2C_MasterTransmit_BTF)
    i.I2C_MasterTransmit_TXE                 0x08003264   Section        0  stm32f1xx_hal_i2c.o(i.I2C_MasterTransmit_TXE)
    I2C_MasterTransmit_TXE                   0x08003265   Thumb Code   182  stm32f1xx_hal_i2c.o(i.I2C_MasterTransmit_TXE)
    i.I2C_Master_ADDR                        0x0800331c   Section        0  stm32f1xx_hal_i2c.o(i.I2C_Master_ADDR)
    I2C_Master_ADDR                          0x0800331d   Thumb Code   340  stm32f1xx_hal_i2c.o(i.I2C_Master_ADDR)
    i.I2C_Master_SB                          0x08003474   Section        0  stm32f1xx_hal_i2c.o(i.I2C_Master_SB)
    I2C_Master_SB                            0x08003475   Thumb Code   140  stm32f1xx_hal_i2c.o(i.I2C_Master_SB)
    i.I2C_MemoryTransmit_TXE_BTF             0x08003500   Section        0  stm32f1xx_hal_i2c.o(i.I2C_MemoryTransmit_TXE_BTF)
    I2C_MemoryTransmit_TXE_BTF               0x08003501   Thumb Code   168  stm32f1xx_hal_i2c.o(i.I2C_MemoryTransmit_TXE_BTF)
    i.I2C_RequestMemoryWrite                 0x080035a8   Section        0  stm32f1xx_hal_i2c.o(i.I2C_RequestMemoryWrite)
    I2C_RequestMemoryWrite                   0x080035a9   Thumb Code   162  stm32f1xx_hal_i2c.o(i.I2C_RequestMemoryWrite)
    i.I2C_Slave_ADDR                         0x08003650   Section        0  stm32f1xx_hal_i2c.o(i.I2C_Slave_ADDR)
    I2C_Slave_ADDR                           0x08003651   Thumb Code    70  stm32f1xx_hal_i2c.o(i.I2C_Slave_ADDR)
    i.I2C_Slave_STOPF                        0x08003698   Section        0  stm32f1xx_hal_i2c.o(i.I2C_Slave_STOPF)
    I2C_Slave_STOPF                          0x08003699   Thumb Code   338  stm32f1xx_hal_i2c.o(i.I2C_Slave_STOPF)
    i.I2C_WaitOnFlagUntilTimeout             0x080037f4   Section        0  stm32f1xx_hal_i2c.o(i.I2C_WaitOnFlagUntilTimeout)
    I2C_WaitOnFlagUntilTimeout               0x080037f5   Thumb Code   144  stm32f1xx_hal_i2c.o(i.I2C_WaitOnFlagUntilTimeout)
    i.I2C_WaitOnMasterAddressFlagUntilTimeout 0x08003884   Section        0  stm32f1xx_hal_i2c.o(i.I2C_WaitOnMasterAddressFlagUntilTimeout)
    I2C_WaitOnMasterAddressFlagUntilTimeout  0x08003885   Thumb Code   188  stm32f1xx_hal_i2c.o(i.I2C_WaitOnMasterAddressFlagUntilTimeout)
    i.I2C_WaitOnTXEFlagUntilTimeout          0x08003940   Section        0  stm32f1xx_hal_i2c.o(i.I2C_WaitOnTXEFlagUntilTimeout)
    I2C_WaitOnTXEFlagUntilTimeout            0x08003941   Thumb Code    86  stm32f1xx_hal_i2c.o(i.I2C_WaitOnTXEFlagUntilTimeout)
    i.MX_ADC1_Init                           0x08003998   Section        0  adc.o(i.MX_ADC1_Init)
    i.MX_DMA_Init                            0x08003a24   Section        0  dma.o(i.MX_DMA_Init)
    i.MX_GPIO_Init                           0x08003a70   Section        0  gpio.o(i.MX_GPIO_Init)
    i.MX_I2C1_Init                           0x08003ae0   Section        0  i2c.o(i.MX_I2C1_Init)
    i.MX_USART1_UART_Init                    0x08003b20   Section        0  usart.o(i.MX_USART1_UART_Init)
    i.MemManage_Handler                      0x08003b70   Section        0  stm32f1xx_it.o(i.MemManage_Handler)
    i.NMI_Handler                            0x08003b72   Section        0  stm32f1xx_it.o(i.NMI_Handler)
    i.OLED_Clear                             0x08003b74   Section        0  oled.o(i.OLED_Clear)
    i.OLED_DrawPoint                         0x08003ba0   Section        0  oled.o(i.OLED_DrawPoint)
    i.OLED_DrawRectangle                     0x08003bdc   Section        0  oled.o(i.OLED_DrawRectangle)
    i.OLED_Draw_Line                         0x08003c30   Section        0  oled.o(i.OLED_Draw_Line)
    i.OLED_Proc                              0x08003c78   Section        0  app_oled.o(i.OLED_Proc)
    i.OLED_ShowChar                          0x08003ca4   Section        0  oled.o(i.OLED_ShowChar)
    i.OLED_ShowString                        0x08003d34   Section        0  oled.o(i.OLED_ShowString)
    i.OLED_init                              0x08003d74   Section        0  oled.o(i.OLED_init)
    i.OLED_operate_gram                      0x08003d94   Section        0  oled.o(i.OLED_operate_gram)
    i.OLED_refresh_gram                      0x08003db4   Section        0  oled.o(i.OLED_refresh_gram)
    i.OLED_set_pos                           0x08003e18   Section        0  oled.o(i.OLED_set_pos)
    i.PendSV_Handler                         0x08003e38   Section        0  stm32f1xx_it.o(i.PendSV_Handler)
    i.SVC_Handler                            0x08003e3a   Section        0  stm32f1xx_it.o(i.SVC_Handler)
    i.SysTick_Handler                        0x08003e3c   Section        0  stm32f1xx_it.o(i.SysTick_Handler)
    i.SystemClock_Config                     0x08003e40   Section        0  main.o(i.SystemClock_Config)
    i.SystemInit                             0x08003eb8   Section        0  system_stm32f1xx.o(i.SystemInit)
    i.UART_DMAAbortOnError                   0x08003eba   Section        0  stm32f1xx_hal_uart.o(i.UART_DMAAbortOnError)
    UART_DMAAbortOnError                     0x08003ebb   Thumb Code    16  stm32f1xx_hal_uart.o(i.UART_DMAAbortOnError)
    i.UART_DMAError                          0x08003eca   Section        0  stm32f1xx_hal_uart.o(i.UART_DMAError)
    UART_DMAError                            0x08003ecb   Thumb Code    74  stm32f1xx_hal_uart.o(i.UART_DMAError)
    i.UART_DMAReceiveCplt                    0x08003f14   Section        0  stm32f1xx_hal_uart.o(i.UART_DMAReceiveCplt)
    UART_DMAReceiveCplt                      0x08003f15   Thumb Code   134  stm32f1xx_hal_uart.o(i.UART_DMAReceiveCplt)
    i.UART_DMARxHalfCplt                     0x08003f9a   Section        0  stm32f1xx_hal_uart.o(i.UART_DMARxHalfCplt)
    UART_DMARxHalfCplt                       0x08003f9b   Thumb Code    30  stm32f1xx_hal_uart.o(i.UART_DMARxHalfCplt)
    i.UART_EndRxTransfer                     0x08003fb8   Section        0  stm32f1xx_hal_uart.o(i.UART_EndRxTransfer)
    UART_EndRxTransfer                       0x08003fb9   Thumb Code    78  stm32f1xx_hal_uart.o(i.UART_EndRxTransfer)
    i.UART_EndTxTransfer                     0x08004006   Section        0  stm32f1xx_hal_uart.o(i.UART_EndTxTransfer)
    UART_EndTxTransfer                       0x08004007   Thumb Code    28  stm32f1xx_hal_uart.o(i.UART_EndTxTransfer)
    i.UART_Receive_IT                        0x08004022   Section        0  stm32f1xx_hal_uart.o(i.UART_Receive_IT)
    UART_Receive_IT                          0x08004023   Thumb Code   194  stm32f1xx_hal_uart.o(i.UART_Receive_IT)
    i.UART_SetConfig                         0x080040e4   Section        0  stm32f1xx_hal_uart.o(i.UART_SetConfig)
    UART_SetConfig                           0x080040e5   Thumb Code   178  stm32f1xx_hal_uart.o(i.UART_SetConfig)
    i.UART_Start_Receive_DMA                 0x0800419c   Section        0  stm32f1xx_hal_uart.o(i.UART_Start_Receive_DMA)
    i.UART_WaitOnFlagUntilTimeout            0x0800422c   Section        0  stm32f1xx_hal_uart.o(i.UART_WaitOnFlagUntilTimeout)
    UART_WaitOnFlagUntilTimeout              0x0800422d   Thumb Code   114  stm32f1xx_hal_uart.o(i.UART_WaitOnFlagUntilTimeout)
    i.USART1_IRQHandler                      0x080042a0   Section        0  stm32f1xx_it.o(i.USART1_IRQHandler)
    i.UsageFault_Handler                     0x080042cc   Section        0  stm32f1xx_it.o(i.UsageFault_Handler)
    i.__0printf                              0x080042d0   Section        0  printfa.o(i.__0printf)
    i.__0snprintf                            0x080042f0   Section        0  printfa.o(i.__0snprintf)
    i.__NVIC_SetPriority                     0x08004320   Section        0  stm32f1xx_hal_cortex.o(i.__NVIC_SetPriority)
    __NVIC_SetPriority                       0x08004321   Thumb Code    32  stm32f1xx_hal_cortex.o(i.__NVIC_SetPriority)
    i.__scatterload_copy                     0x08004340   Section       14  handlers.o(i.__scatterload_copy)
    i.__scatterload_null                     0x0800434e   Section        2  handlers.o(i.__scatterload_null)
    i.__scatterload_zeroinit                 0x08004350   Section       14  handlers.o(i.__scatterload_zeroinit)
    i._fp_digits                             0x08004360   Section        0  printfa.o(i._fp_digits)
    _fp_digits                               0x08004361   Thumb Code   366  printfa.o(i._fp_digits)
    i._printf_core                           0x080044e4   Section        0  printfa.o(i._printf_core)
    _printf_core                             0x080044e5   Thumb Code  1744  printfa.o(i._printf_core)
    i._printf_post_padding                   0x08004bc0   Section        0  printfa.o(i._printf_post_padding)
    _printf_post_padding                     0x08004bc1   Thumb Code    36  printfa.o(i._printf_post_padding)
    i._printf_pre_padding                    0x08004be4   Section        0  printfa.o(i._printf_pre_padding)
    _printf_pre_padding                      0x08004be5   Thumb Code    46  printfa.o(i._printf_pre_padding)
    i._snputc                                0x08004c12   Section        0  printfa.o(i._snputc)
    _snputc                                  0x08004c13   Thumb Code    22  printfa.o(i._snputc)
    i.action_1                               0x08004c28   Section        0  auto_menu.o(i.action_1)
    i.adc_proc                               0x08004c48   Section        0  adc_app.o(i.adc_proc)
    i.add_menu_item                          0x08004d18   Section        0  auto_menu.o(i.add_menu_item)
    i.adjust_value                           0x08004d30   Section        0  auto_menu.o(i.adjust_value)
    i.auto_menu_display                      0x08004d68   Section        0  auto_menu.o(i.auto_menu_display)
    i.auto_menu_handle_key                   0x08004ec0   Section        0  auto_menu.o(i.auto_menu_handle_key)
    i.auto_menu_init                         0x08004fdc   Section        0  auto_menu.o(i.auto_menu_init)
    i.create_menu_item                       0x08004ff4   Section        0  auto_menu.o(i.create_menu_item)
    i.draw_axes                              0x08005048   Section        0  oled.o(i.draw_axes)
    i.fputc                                  0x08005074   Section        0  usart.o(i.fputc)
    i.get_menu_item_count                    0x0800508c   Section        0  auto_menu.o(i.get_menu_item_count)
    i.key_init                               0x080050a4   Section        0  key_app.o(i.key_init)
    i.key_proc                               0x08005110   Section        0  key_app.o(i.key_proc)
    i.key_task                               0x0800514c   Section        0  key_app.o(i.key_task)
    i.main                                   0x080051f8   Section        0  main.o(i.main)
    i.malloc                                 0x08005248   Section        0  malloc.o(i.malloc)
    i.menu_init                              0x080052b4   Section        0  auto_menu.o(i.menu_init)
    i.ringbuffer_init                        0x080053fc   Section        0  ringbuffer.o(i.ringbuffer_init)
    i.ringbuffer_is_empty                    0x08005412   Section        0  ringbuffer.o(i.ringbuffer_is_empty)
    i.ringbuffer_is_full                     0x0800541e   Section        0  ringbuffer.o(i.ringbuffer_is_full)
    i.ringbuffer_read                        0x0800542c   Section        0  ringbuffer.o(i.ringbuffer_read)
    i.ringbuffer_write                       0x08005464   Section        0  ringbuffer.o(i.ringbuffer_write)
    i.schelder_init                          0x080054a0   Section        0  schelder.o(i.schelder_init)
    i.schelder_run                           0x080054ac   Section        0  schelder.o(i.schelder_run)
    i.strdup                                 0x080054e8   Section        0  auto_menu.o(i.strdup)
    i.toggle_bool                            0x08005510   Section        0  auto_menu.o(i.toggle_bool)
    i.uart_proc                              0x08005540   Section        0  uart_app.o(i.uart_proc)
    .constdata                               0x08005590   Section       18  stm32f1xx_hal_rcc.o(.constdata)
    aPredivFactorTable                       0x08005590   Data           2  stm32f1xx_hal_rcc.o(.constdata)
    aPLLMULFactorTable                       0x08005592   Data          16  stm32f1xx_hal_rcc.o(.constdata)
    .constdata                               0x080055a2   Section       16  system_stm32f1xx.o(.constdata)
    .constdata                               0x080055b2   Section        8  system_stm32f1xx.o(.constdata)
    .constdata                               0x080055ba   Section     2660  oled.o(.constdata)
    .data                                    0x20000000   Section       12  stm32f1xx_hal.o(.data)
    .data                                    0x2000000c   Section        4  system_stm32f1xx.o(.data)
    .data                                    0x20000010   Section       52  schelder.o(.data)
    scheduler_task                           0x20000014   Data          48  schelder.o(.data)
    .data                                    0x20000044   Section        1  app_oled.o(.data)
    .data                                    0x20000045   Section        1  key_app.o(.data)
    .data                                    0x20000048   Section       20  auto_menu.o(.data)
    scroll_offset                            0x20000048   Data           1  auto_menu.o(.data)
    current_menu                             0x2000004c   Data           4  auto_menu.o(.data)
    parent_menu_stack_index                  0x20000050   Data           4  auto_menu.o(.data)
    current_level                            0x20000054   Data           4  auto_menu.o(.data)
    .data                                    0x2000005c   Section       31  oled.o(.data)
    .data                                    0x2000007c   Section        4  stdout.o(.data)
    .data                                    0x20000080   Section        4  mvars.o(.data)
    .data                                    0x20000084   Section        4  mvars.o(.data)
    .bss                                     0x20000088   Section      116  adc.o(.bss)
    .bss                                     0x200000fc   Section      152  i2c.o(.bss)
    .bss                                     0x20000194   Section      140  usart.o(.bss)
    .bss                                     0x20000220   Section      236  uart_app.o(.bss)
    .bss                                     0x2000030c   Section      256  app_oled.o(.bss)
    .bss                                     0x2000040c   Section      496  adc_app.o(.bss)
    .bss                                     0x200005fc   Section       80  key_app.o(.bss)
    .bss                                     0x2000064c   Section       40  auto_menu.o(.bss)
    parent_menu_stack                        0x2000064c   Data          40  auto_menu.o(.bss)
    .bss                                     0x20000674   Section     2080  oled.o(.bss)
    HEAP                                     0x20000e98   Section      512  startup_stm32f103xb.o(HEAP)
    STACK                                    0x20001098   Section     1024  startup_stm32f103xb.o(STACK)

    Global Symbols

    Symbol Name                              Value     Ov Type        Size  Object(Section)

    BuildAttributes$$THM_ISAv4$P$D$K$B$S$PE$A:L22UL41UL21$X:L11$S22US41US21$IEEE1$IW$USESV6$~STKCKD$USESV7$~SHL$OTIME$ROPI$EBA8$MICROLIB$REQ8$PRES8$EABIv2 0x00000000   Number         0  anon$$obj.o ABSOLUTE
    __ARM_use_no_argv                        0x00000000   Number         0  main.o ABSOLUTE
    _printf_a                                0x00000000   Number         0  stubs.o ABSOLUTE
    _printf_c                                0x00000000   Number         0  stubs.o ABSOLUTE
    _printf_charcount                        0x00000000   Number         0  stubs.o ABSOLUTE
    _printf_d                                0x00000000   Number         0  stubs.o ABSOLUTE
    _printf_e                                0x00000000   Number         0  stubs.o ABSOLUTE
    _printf_f                                0x00000000   Number         0  stubs.o ABSOLUTE
    _printf_flags                            0x00000000   Number         0  stubs.o ABSOLUTE
    _printf_fp_dec                           0x00000000   Number         0  stubs.o ABSOLUTE
    _printf_fp_hex                           0x00000000   Number         0  stubs.o ABSOLUTE
    _printf_g                                0x00000000   Number         0  stubs.o ABSOLUTE
    _printf_i                                0x00000000   Number         0  stubs.o ABSOLUTE
    _printf_int_dec                          0x00000000   Number         0  stubs.o ABSOLUTE
    _printf_l                                0x00000000   Number         0  stubs.o ABSOLUTE
    _printf_lc                               0x00000000   Number         0  stubs.o ABSOLUTE
    _printf_ll                               0x00000000   Number         0  stubs.o ABSOLUTE
    _printf_lld                              0x00000000   Number         0  stubs.o ABSOLUTE
    _printf_lli                              0x00000000   Number         0  stubs.o ABSOLUTE
    _printf_llo                              0x00000000   Number         0  stubs.o ABSOLUTE
    _printf_llu                              0x00000000   Number         0  stubs.o ABSOLUTE
    _printf_llx                              0x00000000   Number         0  stubs.o ABSOLUTE
    _printf_longlong_dec                     0x00000000   Number         0  stubs.o ABSOLUTE
    _printf_longlong_hex                     0x00000000   Number         0  stubs.o ABSOLUTE
    _printf_longlong_oct                     0x00000000   Number         0  stubs.o ABSOLUTE
    _printf_ls                               0x00000000   Number         0  stubs.o ABSOLUTE
    _printf_mbtowc                           0x00000000   Number         0  stubs.o ABSOLUTE
    _printf_n                                0x00000000   Number         0  stubs.o ABSOLUTE
    _printf_o                                0x00000000   Number         0  stubs.o ABSOLUTE
    _printf_p                                0x00000000   Number         0  stubs.o ABSOLUTE
    _printf_percent                          0x00000000   Number         0  stubs.o ABSOLUTE
    _printf_pre_padding                      0x00000000   Number         0  stubs.o ABSOLUTE
    _printf_return_value                     0x00000000   Number         0  stubs.o ABSOLUTE
    _printf_s                                0x00000000   Number         0  stubs.o ABSOLUTE
    _printf_sizespec                         0x00000000   Number         0  stubs.o ABSOLUTE
    _printf_str                              0x00000000   Number         0  stubs.o ABSOLUTE
    _printf_truncate_signed                  0x00000000   Number         0  stubs.o ABSOLUTE
    _printf_truncate_unsigned                0x00000000   Number         0  stubs.o ABSOLUTE
    _printf_u                                0x00000000   Number         0  stubs.o ABSOLUTE
    _printf_wc                               0x00000000   Number         0  stubs.o ABSOLUTE
    _printf_wctomb                           0x00000000   Number         0  stubs.o ABSOLUTE
    _printf_widthprec                        0x00000000   Number         0  stubs.o ABSOLUTE
    _printf_x                                0x00000000   Number         0  stubs.o ABSOLUTE
    __cpp_initialize__aeabi_                  - Undefined Weak Reference
    __cxa_finalize                            - Undefined Weak Reference
    __decompress                              - Undefined Weak Reference
    _clock_init                               - Undefined Weak Reference
    _microlib_exit                            - Undefined Weak Reference
    __Vectors_Size                           0x000000ec   Number         0  startup_stm32f103xb.o ABSOLUTE
    __Vectors                                0x08000000   Data           4  startup_stm32f103xb.o(RESET)
    __Vectors_End                            0x080000ec   Data           0  startup_stm32f103xb.o(RESET)
    __main                                   0x080000ed   Thumb Code     0  entry.o(.ARM.Collect$$$$00000000)
    _main_stk                                0x080000ed   Thumb Code     0  entry2.o(.ARM.Collect$$$$00000001)
    _main_scatterload                        0x080000f1   Thumb Code     0  entry5.o(.ARM.Collect$$$$00000004)
    __main_after_scatterload                 0x080000f5   Thumb Code     0  entry5.o(.ARM.Collect$$$$00000004)
    _main_clock                              0x080000f5   Thumb Code     0  entry7b.o(.ARM.Collect$$$$00000008)
    _main_cpp_init                           0x080000f5   Thumb Code     0  entry8b.o(.ARM.Collect$$$$0000000A)
    _main_init                               0x080000f5   Thumb Code     0  entry9a.o(.ARM.Collect$$$$0000000B)
    __rt_final_cpp                           0x080000fd   Thumb Code     0  entry10a.o(.ARM.Collect$$$$0000000D)
    __rt_final_exit                          0x080000fd   Thumb Code     0  entry11a.o(.ARM.Collect$$$$0000000F)
    Reset_Handler                            0x08000101   Thumb Code     8  startup_stm32f103xb.o(.text)
    CAN1_RX1_IRQHandler                      0x0800011b   Thumb Code     0  startup_stm32f103xb.o(.text)
    CAN1_SCE_IRQHandler                      0x0800011b   Thumb Code     0  startup_stm32f103xb.o(.text)
    DMA1_Channel2_IRQHandler                 0x0800011b   Thumb Code     0  startup_stm32f103xb.o(.text)
    DMA1_Channel3_IRQHandler                 0x0800011b   Thumb Code     0  startup_stm32f103xb.o(.text)
    DMA1_Channel4_IRQHandler                 0x0800011b   Thumb Code     0  startup_stm32f103xb.o(.text)
    DMA1_Channel7_IRQHandler                 0x0800011b   Thumb Code     0  startup_stm32f103xb.o(.text)
    EXTI0_IRQHandler                         0x0800011b   Thumb Code     0  startup_stm32f103xb.o(.text)
    EXTI15_10_IRQHandler                     0x0800011b   Thumb Code     0  startup_stm32f103xb.o(.text)
    EXTI1_IRQHandler                         0x0800011b   Thumb Code     0  startup_stm32f103xb.o(.text)
    EXTI2_IRQHandler                         0x0800011b   Thumb Code     0  startup_stm32f103xb.o(.text)
    EXTI3_IRQHandler                         0x0800011b   Thumb Code     0  startup_stm32f103xb.o(.text)
    EXTI4_IRQHandler                         0x0800011b   Thumb Code     0  startup_stm32f103xb.o(.text)
    EXTI9_5_IRQHandler                       0x0800011b   Thumb Code     0  startup_stm32f103xb.o(.text)
    FLASH_IRQHandler                         0x0800011b   Thumb Code     0  startup_stm32f103xb.o(.text)
    I2C1_ER_IRQHandler                       0x0800011b   Thumb Code     0  startup_stm32f103xb.o(.text)
    I2C2_ER_IRQHandler                       0x0800011b   Thumb Code     0  startup_stm32f103xb.o(.text)
    I2C2_EV_IRQHandler                       0x0800011b   Thumb Code     0  startup_stm32f103xb.o(.text)
    PVD_IRQHandler                           0x0800011b   Thumb Code     0  startup_stm32f103xb.o(.text)
    RCC_IRQHandler                           0x0800011b   Thumb Code     0  startup_stm32f103xb.o(.text)
    RTC_Alarm_IRQHandler                     0x0800011b   Thumb Code     0  startup_stm32f103xb.o(.text)
    RTC_IRQHandler                           0x0800011b   Thumb Code     0  startup_stm32f103xb.o(.text)
    SPI1_IRQHandler                          0x0800011b   Thumb Code     0  startup_stm32f103xb.o(.text)
    SPI2_IRQHandler                          0x0800011b   Thumb Code     0  startup_stm32f103xb.o(.text)
    TAMPER_IRQHandler                        0x0800011b   Thumb Code     0  startup_stm32f103xb.o(.text)
    TIM1_BRK_IRQHandler                      0x0800011b   Thumb Code     0  startup_stm32f103xb.o(.text)
    TIM1_CC_IRQHandler                       0x0800011b   Thumb Code     0  startup_stm32f103xb.o(.text)
    TIM1_TRG_COM_IRQHandler                  0x0800011b   Thumb Code     0  startup_stm32f103xb.o(.text)
    TIM1_UP_IRQHandler                       0x0800011b   Thumb Code     0  startup_stm32f103xb.o(.text)
    TIM2_IRQHandler                          0x0800011b   Thumb Code     0  startup_stm32f103xb.o(.text)
    TIM3_IRQHandler                          0x0800011b   Thumb Code     0  startup_stm32f103xb.o(.text)
    TIM4_IRQHandler                          0x0800011b   Thumb Code     0  startup_stm32f103xb.o(.text)
    USART2_IRQHandler                        0x0800011b   Thumb Code     0  startup_stm32f103xb.o(.text)
    USART3_IRQHandler                        0x0800011b   Thumb Code     0  startup_stm32f103xb.o(.text)
    USBWakeUp_IRQHandler                     0x0800011b   Thumb Code     0  startup_stm32f103xb.o(.text)
    USB_HP_CAN1_TX_IRQHandler                0x0800011b   Thumb Code     0  startup_stm32f103xb.o(.text)
    USB_LP_CAN1_RX0_IRQHandler               0x0800011b   Thumb Code     0  startup_stm32f103xb.o(.text)
    WWDG_IRQHandler                          0x0800011b   Thumb Code     0  startup_stm32f103xb.o(.text)
    __aeabi_llsr                             0x08000125   Thumb Code    32  llushr.o(.text)
    _ll_ushift_r                             0x08000125   Thumb Code     0  llushr.o(.text)
    __aeabi_memcpy                           0x08000145   Thumb Code    36  memcpya.o(.text)
    __aeabi_memcpy4                          0x08000145   Thumb Code     0  memcpya.o(.text)
    __aeabi_memcpy8                          0x08000145   Thumb Code     0  memcpya.o(.text)
    __aeabi_memset                           0x08000169   Thumb Code    14  memseta.o(.text)
    __aeabi_memset4                          0x08000169   Thumb Code     0  memseta.o(.text)
    __aeabi_memset8                          0x08000169   Thumb Code     0  memseta.o(.text)
    __aeabi_memclr                           0x08000177   Thumb Code     4  memseta.o(.text)
    __aeabi_memclr4                          0x08000177   Thumb Code     0  memseta.o(.text)
    __aeabi_memclr8                          0x08000177   Thumb Code     0  memseta.o(.text)
    _memset$wrapper                          0x0800017b   Thumb Code    18  memseta.o(.text)
    strcat                                   0x0800018d   Thumb Code    24  strcat.o(.text)
    strlen                                   0x080001a5   Thumb Code    14  strlen.o(.text)
    __aeabi_fadd                             0x080001b3   Thumb Code   164  fadd.o(.text)
    __aeabi_fsub                             0x08000257   Thumb Code     6  fadd.o(.text)
    __aeabi_frsub                            0x0800025d   Thumb Code     6  fadd.o(.text)
    __aeabi_fmul                             0x08000263   Thumb Code   100  fmul.o(.text)
    __aeabi_fdiv                             0x080002c7   Thumb Code   124  fdiv.o(.text)
    __ARM_scalbn                             0x08000343   Thumb Code    46  dscalb.o(.text)
    scalbn                                   0x08000343   Thumb Code     0  dscalb.o(.text)
    __aeabi_ui2f                             0x08000371   Thumb Code    10  ffltui.o(.text)
    __aeabi_ui2d                             0x0800037b   Thumb Code    26  dfltui.o(.text)
    __aeabi_d2uiz                            0x08000395   Thumb Code    50  dfixui.o(.text)
    __aeabi_f2d                              0x080003c7   Thumb Code    38  f2d.o(.text)
    __aeabi_uidiv                            0x080003ed   Thumb Code     0  uidiv.o(.text)
    __aeabi_uidivmod                         0x080003ed   Thumb Code    44  uidiv.o(.text)
    __aeabi_uldivmod                         0x08000419   Thumb Code    98  uldiv.o(.text)
    __I$use$fp                               0x0800047b   Thumb Code     0  iusefp.o(.text)
    _float_round                             0x0800047b   Thumb Code    18  fepilogue.o(.text)
    _float_epilogue                          0x0800048d   Thumb Code    92  fepilogue.o(.text)
    _double_round                            0x080004e9   Thumb Code    30  depilogue.o(.text)
    _double_epilogue                         0x08000507   Thumb Code   156  depilogue.o(.text)
    __aeabi_dadd                             0x080005a3   Thumb Code   322  dadd.o(.text)
    __aeabi_dsub                             0x080006e5   Thumb Code     6  dadd.o(.text)
    __aeabi_drsub                            0x080006eb   Thumb Code     6  dadd.o(.text)
    __aeabi_dmul                             0x080006f1   Thumb Code   228  dmul.o(.text)
    __aeabi_ddiv                             0x080007d5   Thumb Code   222  ddiv.o(.text)
    __aeabi_d2ulz                            0x080008b3   Thumb Code    48  dfixul.o(.text)
    __aeabi_cdrcmple                         0x080008e5   Thumb Code    48  cdrcmple.o(.text)
    __scatterload                            0x08000915   Thumb Code    28  init.o(.text)
    __scatterload_rt2                        0x08000915   Thumb Code     0  init.o(.text)
    __aeabi_llsl                             0x08000939   Thumb Code    30  llshl.o(.text)
    _ll_shift_l                              0x08000939   Thumb Code     0  llshl.o(.text)
    __aeabi_lasr                             0x08000957   Thumb Code    36  llsshr.o(.text)
    _ll_sshift_r                             0x08000957   Thumb Code     0  llsshr.o(.text)
    ADC1_2_IRQHandler                        0x0800097d   Thumb Code     6  stm32f1xx_it.o(i.ADC1_2_IRQHandler)
    ADC_ConversionStop_Disable               0x08000989   Thumb Code    86  stm32f1xx_hal_adc.o(i.ADC_ConversionStop_Disable)
    ADC_DMAConvCplt                          0x080009df   Thumb Code    78  stm32f1xx_hal_adc.o(i.ADC_DMAConvCplt)
    ADC_DMAError                             0x08000a2d   Thumb Code    26  stm32f1xx_hal_adc.o(i.ADC_DMAError)
    ADC_DMAHalfConvCplt                      0x08000a47   Thumb Code    10  stm32f1xx_hal_adc.o(i.ADC_DMAHalfConvCplt)
    ADC_Enable                               0x08000a51   Thumb Code   114  stm32f1xx_hal_adc.o(i.ADC_Enable)
    BusFault_Handler                         0x08000ed5   Thumb Code     2  stm32f1xx_it.o(i.BusFault_Handler)
    DMA1_Channel1_IRQHandler                 0x08000ed9   Thumb Code     6  stm32f1xx_it.o(i.DMA1_Channel1_IRQHandler)
    DMA1_Channel5_IRQHandler                 0x08000ee5   Thumb Code     6  stm32f1xx_it.o(i.DMA1_Channel5_IRQHandler)
    DMA1_Channel6_IRQHandler                 0x08000ef1   Thumb Code     6  stm32f1xx_it.o(i.DMA1_Channel6_IRQHandler)
    DebugMon_Handler                         0x08000f27   Thumb Code     2  stm32f1xx_it.o(i.DebugMon_Handler)
    Error_Handler                            0x08000f29   Thumb Code     4  main.o(i.Error_Handler)
    HAL_ADCEx_InjectedConvCpltCallback       0x08000f2d   Thumb Code     2  stm32f1xx_hal_adc_ex.o(i.HAL_ADCEx_InjectedConvCpltCallback)
    HAL_ADC_ConfigChannel                    0x08000f31   Thumb Code   240  stm32f1xx_hal_adc.o(i.HAL_ADC_ConfigChannel)
    HAL_ADC_ConvCpltCallback                 0x0800102d   Thumb Code     2  stm32f1xx_hal_adc.o(i.HAL_ADC_ConvCpltCallback)
    HAL_ADC_ConvHalfCpltCallback             0x0800102f   Thumb Code     2  stm32f1xx_hal_adc.o(i.HAL_ADC_ConvHalfCpltCallback)
    HAL_ADC_ErrorCallback                    0x08001031   Thumb Code     2  stm32f1xx_hal_adc.o(i.HAL_ADC_ErrorCallback)
    HAL_ADC_IRQHandler                       0x08001033   Thumb Code   220  stm32f1xx_hal_adc.o(i.HAL_ADC_IRQHandler)
    HAL_ADC_Init                             0x08001111   Thumb Code   272  stm32f1xx_hal_adc.o(i.HAL_ADC_Init)
    HAL_ADC_LevelOutOfWindowCallback         0x0800122d   Thumb Code     2  stm32f1xx_hal_adc.o(i.HAL_ADC_LevelOutOfWindowCallback)
    HAL_ADC_MspInit                          0x08001231   Thumb Code   140  adc.o(i.HAL_ADC_MspInit)
    HAL_ADC_Start_DMA                        0x080012d1   Thumb Code   246  stm32f1xx_hal_adc.o(i.HAL_ADC_Start_DMA)
    HAL_DMA_Abort                            0x080013dd   Thumb Code    70  stm32f1xx_hal_dma.o(i.HAL_DMA_Abort)
    HAL_DMA_Abort_IT                         0x08001425   Thumb Code   148  stm32f1xx_hal_dma.o(i.HAL_DMA_Abort_IT)
    HAL_DMA_GetState                         0x080014bd   Thumb Code     6  stm32f1xx_hal_dma.o(i.HAL_DMA_GetState)
    HAL_DMA_IRQHandler                       0x080014c5   Thumb Code   316  stm32f1xx_hal_dma.o(i.HAL_DMA_IRQHandler)
    HAL_DMA_Init                             0x08001619   Thumb Code    84  stm32f1xx_hal_dma.o(i.HAL_DMA_Init)
    HAL_DMA_Start_IT                         0x08001675   Thumb Code   112  stm32f1xx_hal_dma.o(i.HAL_DMA_Start_IT)
    HAL_GPIO_Init                            0x080016e5   Thumb Code   446  stm32f1xx_hal_gpio.o(i.HAL_GPIO_Init)
    HAL_GPIO_ReadPin                         0x080018c5   Thumb Code    10  stm32f1xx_hal_gpio.o(i.HAL_GPIO_ReadPin)
    HAL_GetTick                              0x080018d1   Thumb Code     6  stm32f1xx_hal.o(i.HAL_GetTick)
    HAL_I2C_AbortCpltCallback                0x080018dd   Thumb Code     2  stm32f1xx_hal_i2c.o(i.HAL_I2C_AbortCpltCallback)
    HAL_I2C_AddrCallback                     0x080018df   Thumb Code     2  stm32f1xx_hal_i2c.o(i.HAL_I2C_AddrCallback)
    HAL_I2C_EV_IRQHandler                    0x080018e1   Thumb Code   560  stm32f1xx_hal_i2c.o(i.HAL_I2C_EV_IRQHandler)
    HAL_I2C_ErrorCallback                    0x08001b11   Thumb Code     2  stm32f1xx_hal_i2c.o(i.HAL_I2C_ErrorCallback)
    HAL_I2C_Init                             0x08001b15   Thumb Code   376  stm32f1xx_hal_i2c.o(i.HAL_I2C_Init)
    HAL_I2C_ListenCpltCallback               0x08001c9d   Thumb Code     2  stm32f1xx_hal_i2c.o(i.HAL_I2C_ListenCpltCallback)
    HAL_I2C_MasterRxCpltCallback             0x08001c9f   Thumb Code     2  stm32f1xx_hal_i2c.o(i.HAL_I2C_MasterRxCpltCallback)
    HAL_I2C_MasterTxCpltCallback             0x08001ca1   Thumb Code    38  oled.o(i.HAL_I2C_MasterTxCpltCallback)
    HAL_I2C_Master_Transmit_DMA              0x08001cd5   Thumb Code   324  stm32f1xx_hal_i2c.o(i.HAL_I2C_Master_Transmit_DMA)
    HAL_I2C_MemRxCpltCallback                0x08001e29   Thumb Code     2  stm32f1xx_hal_i2c.o(i.HAL_I2C_MemRxCpltCallback)
    HAL_I2C_MemTxCpltCallback                0x08001e2d   Thumb Code    44  oled.o(i.HAL_I2C_MemTxCpltCallback)
    HAL_I2C_Mem_Write_DMA                    0x08001e65   Thumb Code   384  stm32f1xx_hal_i2c.o(i.HAL_I2C_Mem_Write_DMA)
    HAL_I2C_MspInit                          0x08001ff5   Thumb Code   156  i2c.o(i.HAL_I2C_MspInit)
    HAL_I2C_SlaveRxCpltCallback              0x080020a9   Thumb Code     2  stm32f1xx_hal_i2c.o(i.HAL_I2C_SlaveRxCpltCallback)
    HAL_I2C_SlaveTxCpltCallback              0x080020ab   Thumb Code     2  stm32f1xx_hal_i2c.o(i.HAL_I2C_SlaveTxCpltCallback)
    HAL_IncTick                              0x080020ad   Thumb Code    12  stm32f1xx_hal.o(i.HAL_IncTick)
    HAL_Init                                 0x080020bd   Thumb Code    32  stm32f1xx_hal.o(i.HAL_Init)
    HAL_InitTick                             0x080020e1   Thumb Code    54  stm32f1xx_hal.o(i.HAL_InitTick)
    HAL_MspInit                              0x08002121   Thumb Code    52  stm32f1xx_hal_msp.o(i.HAL_MspInit)
    HAL_NVIC_EnableIRQ                       0x0800215d   Thumb Code    26  stm32f1xx_hal_cortex.o(i.HAL_NVIC_EnableIRQ)
    HAL_NVIC_SetPriority                     0x08002179   Thumb Code    60  stm32f1xx_hal_cortex.o(i.HAL_NVIC_SetPriority)
    HAL_NVIC_SetPriorityGrouping             0x080021b9   Thumb Code    26  stm32f1xx_hal_cortex.o(i.HAL_NVIC_SetPriorityGrouping)
    HAL_RCCEx_PeriphCLKConfig                0x080021dd   Thumb Code   224  stm32f1xx_hal_rcc_ex.o(i.HAL_RCCEx_PeriphCLKConfig)
    HAL_RCC_ClockConfig                      0x080022c9   Thumb Code   280  stm32f1xx_hal_rcc.o(i.HAL_RCC_ClockConfig)
    HAL_RCC_GetPCLK1Freq                     0x080023f5   Thumb Code    20  stm32f1xx_hal_rcc.o(i.HAL_RCC_GetPCLK1Freq)
    HAL_RCC_GetPCLK2Freq                     0x08002415   Thumb Code    20  stm32f1xx_hal_rcc.o(i.HAL_RCC_GetPCLK2Freq)
    HAL_RCC_GetSysClockFreq                  0x08002435   Thumb Code    58  stm32f1xx_hal_rcc.o(i.HAL_RCC_GetSysClockFreq)
    HAL_RCC_OscConfig                        0x08002481   Thumb Code   778  stm32f1xx_hal_rcc.o(i.HAL_RCC_OscConfig)
    HAL_SYSTICK_Config                       0x080027a1   Thumb Code    40  stm32f1xx_hal_cortex.o(i.HAL_SYSTICK_Config)
    HAL_UARTEx_ReceiveToIdle_DMA             0x080027c9   Thumb Code    74  stm32f1xx_hal_uart.o(i.HAL_UARTEx_ReceiveToIdle_DMA)
    HAL_UARTEx_RxEventCallback               0x08002815   Thumb Code    38  uart_app.o(i.HAL_UARTEx_RxEventCallback)
    HAL_UART_ErrorCallback                   0x08002841   Thumb Code     2  stm32f1xx_hal_uart.o(i.HAL_UART_ErrorCallback)
    HAL_UART_IRQHandler                      0x08002845   Thumb Code   616  stm32f1xx_hal_uart.o(i.HAL_UART_IRQHandler)
    HAL_UART_Init                            0x08002ab1   Thumb Code   100  stm32f1xx_hal_uart.o(i.HAL_UART_Init)
    HAL_UART_MspInit                         0x08002b15   Thumb Code   156  usart.o(i.HAL_UART_MspInit)
    HAL_UART_RxCpltCallback                  0x08002bc5   Thumb Code     2  stm32f1xx_hal_uart.o(i.HAL_UART_RxCpltCallback)
    HAL_UART_RxHalfCpltCallback              0x08002bc7   Thumb Code     2  stm32f1xx_hal_uart.o(i.HAL_UART_RxHalfCpltCallback)
    HAL_UART_Transmit                        0x08002bc9   Thumb Code   160  stm32f1xx_hal_uart.o(i.HAL_UART_Transmit)
    HAL_UART_TxCpltCallback                  0x08002c69   Thumb Code     2  stm32f1xx_hal_uart.o(i.HAL_UART_TxCpltCallback)
    HardFault_Handler                        0x08002c6b   Thumb Code     2  stm32f1xx_it.o(i.HardFault_Handler)
    I2C1_EV_IRQHandler                       0x08002c6d   Thumb Code     6  stm32f1xx_it.o(i.I2C1_EV_IRQHandler)
    MX_ADC1_Init                             0x08003999   Thumb Code   132  adc.o(i.MX_ADC1_Init)
    MX_DMA_Init                              0x08003a25   Thumb Code    72  dma.o(i.MX_DMA_Init)
    MX_GPIO_Init                             0x08003a71   Thumb Code    98  gpio.o(i.MX_GPIO_Init)
    MX_I2C1_Init                             0x08003ae1   Thumb Code    50  i2c.o(i.MX_I2C1_Init)
    MX_USART1_UART_Init                      0x08003b21   Thumb Code    66  usart.o(i.MX_USART1_UART_Init)
    MemManage_Handler                        0x08003b71   Thumb Code     2  stm32f1xx_it.o(i.MemManage_Handler)
    NMI_Handler                              0x08003b73   Thumb Code     2  stm32f1xx_it.o(i.NMI_Handler)
    OLED_Clear                               0x08003b75   Thumb Code    40  oled.o(i.OLED_Clear)
    OLED_DrawPoint                           0x08003ba1   Thumb Code    54  oled.o(i.OLED_DrawPoint)
    OLED_DrawRectangle                       0x08003bdd   Thumb Code    84  oled.o(i.OLED_DrawRectangle)
    OLED_Draw_Line                           0x08003c31   Thumb Code    70  oled.o(i.OLED_Draw_Line)
    OLED_Proc                                0x08003c79   Thumb Code    34  app_oled.o(i.OLED_Proc)
    OLED_ShowChar                            0x08003ca5   Thumb Code   134  oled.o(i.OLED_ShowChar)
    OLED_ShowString                          0x08003d35   Thumb Code    62  oled.o(i.OLED_ShowString)
    OLED_init                                0x08003d75   Thumb Code    24  oled.o(i.OLED_init)
    OLED_operate_gram                        0x08003d95   Thumb Code    28  oled.o(i.OLED_operate_gram)
    OLED_refresh_gram                        0x08003db5   Thumb Code    86  oled.o(i.OLED_refresh_gram)
    OLED_set_pos                             0x08003e19   Thumb Code    26  oled.o(i.OLED_set_pos)
    PendSV_Handler                           0x08003e39   Thumb Code     2  stm32f1xx_it.o(i.PendSV_Handler)
    SVC_Handler                              0x08003e3b   Thumb Code     2  stm32f1xx_it.o(i.SVC_Handler)
    SysTick_Handler                          0x08003e3d   Thumb Code     4  stm32f1xx_it.o(i.SysTick_Handler)
    SystemClock_Config                       0x08003e41   Thumb Code   120  main.o(i.SystemClock_Config)
    SystemInit                               0x08003eb9   Thumb Code     2  system_stm32f1xx.o(i.SystemInit)
    UART_Start_Receive_DMA                   0x0800419d   Thumb Code   130  stm32f1xx_hal_uart.o(i.UART_Start_Receive_DMA)
    USART1_IRQHandler                        0x080042a1   Thumb Code    32  stm32f1xx_it.o(i.USART1_IRQHandler)
    UsageFault_Handler                       0x080042cd   Thumb Code     2  stm32f1xx_it.o(i.UsageFault_Handler)
    __0printf                                0x080042d1   Thumb Code    22  printfa.o(i.__0printf)
    __1printf                                0x080042d1   Thumb Code     0  printfa.o(i.__0printf)
    __2printf                                0x080042d1   Thumb Code     0  printfa.o(i.__0printf)
    __c89printf                              0x080042d1   Thumb Code     0  printfa.o(i.__0printf)
    printf                                   0x080042d1   Thumb Code     0  printfa.o(i.__0printf)
    __0snprintf                              0x080042f1   Thumb Code    44  printfa.o(i.__0snprintf)
    __1snprintf                              0x080042f1   Thumb Code     0  printfa.o(i.__0snprintf)
    __2snprintf                              0x080042f1   Thumb Code     0  printfa.o(i.__0snprintf)
    __c89snprintf                            0x080042f1   Thumb Code     0  printfa.o(i.__0snprintf)
    snprintf                                 0x080042f1   Thumb Code     0  printfa.o(i.__0snprintf)
    __scatterload_copy                       0x08004341   Thumb Code    14  handlers.o(i.__scatterload_copy)
    __scatterload_null                       0x0800434f   Thumb Code     2  handlers.o(i.__scatterload_null)
    __scatterload_zeroinit                   0x08004351   Thumb Code    14  handlers.o(i.__scatterload_zeroinit)
    action_1                                 0x08004c29   Thumb Code     6  auto_menu.o(i.action_1)
    adc_proc                                 0x08004c49   Thumb Code   190  adc_app.o(i.adc_proc)
    add_menu_item                            0x08004d19   Thumb Code    22  auto_menu.o(i.add_menu_item)
    adjust_value                             0x08004d31   Thumb Code    30  auto_menu.o(i.adjust_value)
    auto_menu_display                        0x08004d69   Thumb Code   286  auto_menu.o(i.auto_menu_display)
    auto_menu_handle_key                     0x08004ec1   Thumb Code   246  auto_menu.o(i.auto_menu_handle_key)
    auto_menu_init                           0x08004fdd   Thumb Code    18  auto_menu.o(i.auto_menu_init)
    create_menu_item                         0x08004ff5   Thumb Code    84  auto_menu.o(i.create_menu_item)
    draw_axes                                0x08005049   Thumb Code    44  oled.o(i.draw_axes)
    fputc                                    0x08005075   Thumb Code    18  usart.o(i.fputc)
    get_menu_item_count                      0x0800508d   Thumb Code    20  auto_menu.o(i.get_menu_item_count)
    key_init                                 0x080050a5   Thumb Code    80  key_app.o(i.key_init)
    key_proc                                 0x08005111   Thumb Code    50  key_app.o(i.key_proc)
    key_task                                 0x0800514d   Thumb Code   170  key_app.o(i.key_task)
    main                                     0x080051f9   Thumb Code    66  main.o(i.main)
    malloc                                   0x08005249   Thumb Code    92  malloc.o(i.malloc)
    menu_init                                0x080052b5   Thumb Code   214  auto_menu.o(i.menu_init)
    ringbuffer_init                          0x080053fd   Thumb Code    22  ringbuffer.o(i.ringbuffer_init)
    ringbuffer_is_empty                      0x08005413   Thumb Code    12  ringbuffer.o(i.ringbuffer_is_empty)
    ringbuffer_is_full                       0x0800541f   Thumb Code    14  ringbuffer.o(i.ringbuffer_is_full)
    ringbuffer_read                          0x0800542d   Thumb Code    56  ringbuffer.o(i.ringbuffer_read)
    ringbuffer_write                         0x08005465   Thumb Code    58  ringbuffer.o(i.ringbuffer_write)
    schelder_init                            0x080054a1   Thumb Code     8  schelder.o(i.schelder_init)
    schelder_run                             0x080054ad   Thumb Code    56  schelder.o(i.schelder_run)
    strdup                                   0x080054e9   Thumb Code    38  auto_menu.o(i.strdup)
    toggle_bool                              0x08005511   Thumb Code    20  auto_menu.o(i.toggle_bool)
    uart_proc                                0x08005541   Thumb Code    50  uart_app.o(i.uart_proc)
    AHBPrescTable                            0x080055a2   Data          16  system_stm32f1xx.o(.constdata)
    APBPrescTable                            0x080055b2   Data           8  system_stm32f1xx.o(.constdata)
    oled_asc2_1206                           0x080055ba   Data        1140  oled.o(.constdata)
    oled_asc2_1608                           0x08005a2e   Data        1520  oled.o(.constdata)
    Region$$Table$$Base                      0x08006020   Number         0  anon$$obj.o(Region$$Table)
    Region$$Table$$Limit                     0x08006040   Number         0  anon$$obj.o(Region$$Table)
    uwTickFreq                               0x20000000   Data           1  stm32f1xx_hal.o(.data)
    uwTickPrio                               0x20000004   Data           4  stm32f1xx_hal.o(.data)
    uwTick                                   0x20000008   Data           4  stm32f1xx_hal.o(.data)
    SystemCoreClock                          0x2000000c   Data           4  system_stm32f1xx.o(.data)
    task_num                                 0x20000010   Data           1  schelder.o(.data)
    oled_disp_mode                           0x20000044   Data           1  app_oled.o(.data)
    key_down                                 0x20000045   Data           1  key_app.o(.data)
    para_set_flag                            0x20000049   Data           1  auto_menu.o(.data)
    bool_val                                 0x2000004a   Data           1  auto_menu.o(.data)
    para_val                                 0x20000058   Data           4  auto_menu.o(.data)
    CountFlag                                0x2000005c   Data           1  oled.o(.data)
    BufFinshFlag                             0x2000005d   Data           1  oled.o(.data)
    OLED_Init_CMD                            0x2000005e   Data          29  oled.o(.data)
    __stdout                                 0x2000007c   Data           4  stdout.o(.data)
    __microlib_freelist                      0x20000080   Data           4  mvars.o(.data)
    __microlib_freelist_initialised          0x20000084   Data           4  mvars.o(.data)
    hadc1                                    0x20000088   Data          48  adc.o(.bss)
    hdma_adc1                                0x200000b8   Data          68  adc.o(.bss)
    hi2c1                                    0x200000fc   Data          84  i2c.o(.bss)
    hdma_i2c1_tx                             0x20000150   Data          68  i2c.o(.bss)
    huart1                                   0x20000194   Data          72  usart.o(.bss)
    hdma_usart1_rx                           0x200001dc   Data          68  usart.o(.bss)
    uart_rx_dma_buffer                       0x20000220   Data         128  uart_app.o(.bss)
    usart_rb                                 0x200002a0   Data          44  uart_app.o(.bss)
    usart_read_buffer                        0x200002cc   Data          64  uart_app.o(.bss)
    buffer                                   0x2000030c   Data         256  app_oled.o(.bss)
    dma_buff                                 0x2000040c   Data         480  adc_app.o(.bss)
    adc_value                                0x200005ec   Data          16  adc_app.o(.bss)
    btns                                     0x200005fc   Data          80  key_app.o(.bss)
    OLED_CMDbuf                              0x20000674   Data          32  oled.o(.bss)
    OLED_GRAM                                0x20000694   Data        1024  oled.o(.bss)
    OLED_GRAMbuf                             0x20000a94   Data        1024  oled.o(.bss)
    __heap_base                              0x20000e98   Data           0  startup_stm32f103xb.o(HEAP)
    __heap_limit                             0x20001098   Data           0  startup_stm32f103xb.o(HEAP)
    __initial_sp                             0x20001498   Data           0  startup_stm32f103xb.o(STACK)



==============================================================================

Memory Map of the image

  Image Entry point : 0x080000ed

  Load Region LR_IROM1 (Base: 0x08000000, Size: 0x000060c8, Max: 0x00010000, ABSOLUTE)

    Execution Region ER_IROM1 (Exec base: 0x08000000, Load base: 0x08000000, Size: 0x00006040, Max: 0x00010000, ABSOLUTE)

    Exec Addr    Load Addr    Size         Type   Attr      Idx    E Section Name        Object

    0x08000000   0x08000000   0x000000ec   Data   RO            3    RESET               startup_stm32f103xb.o
    0x080000ec   0x080000ec   0x00000000   Code   RO         3222  * .ARM.Collect$$$$00000000  mc_w.l(entry.o)
    0x080000ec   0x080000ec   0x00000004   Code   RO         3550    .ARM.Collect$$$$00000001  mc_w.l(entry2.o)
    0x080000f0   0x080000f0   0x00000004   Code   RO         3553    .ARM.Collect$$$$00000004  mc_w.l(entry5.o)
    0x080000f4   0x080000f4   0x00000000   Code   RO         3555    .ARM.Collect$$$$00000008  mc_w.l(entry7b.o)
    0x080000f4   0x080000f4   0x00000000   Code   RO         3557    .ARM.Collect$$$$0000000A  mc_w.l(entry8b.o)
    0x080000f4   0x080000f4   0x00000008   Code   RO         3558    .ARM.Collect$$$$0000000B  mc_w.l(entry9a.o)
    0x080000fc   0x080000fc   0x00000000   Code   RO         3560    .ARM.Collect$$$$0000000D  mc_w.l(entry10a.o)
    0x080000fc   0x080000fc   0x00000000   Code   RO         3562    .ARM.Collect$$$$0000000F  mc_w.l(entry11a.o)
    0x080000fc   0x080000fc   0x00000004   Code   RO         3551    .ARM.Collect$$$$00002712  mc_w.l(entry2.o)
    0x08000100   0x08000100   0x00000024   Code   RO            4    .text               startup_stm32f103xb.o
    0x08000124   0x08000124   0x00000020   Code   RO         3225    .text               mc_w.l(llushr.o)
    0x08000144   0x08000144   0x00000024   Code   RO         3227    .text               mc_w.l(memcpya.o)
    0x08000168   0x08000168   0x00000024   Code   RO         3229    .text               mc_w.l(memseta.o)
    0x0800018c   0x0800018c   0x00000018   Code   RO         3231    .text               mc_w.l(strcat.o)
    0x080001a4   0x080001a4   0x0000000e   Code   RO         3233    .text               mc_w.l(strlen.o)
    0x080001b2   0x080001b2   0x000000b0   Code   RO         3528    .text               mf_w.l(fadd.o)
    0x08000262   0x08000262   0x00000064   Code   RO         3530    .text               mf_w.l(fmul.o)
    0x080002c6   0x080002c6   0x0000007c   Code   RO         3532    .text               mf_w.l(fdiv.o)
    0x08000342   0x08000342   0x0000002e   Code   RO         3534    .text               mf_w.l(dscalb.o)
    0x08000370   0x08000370   0x0000000a   Code   RO         3538    .text               mf_w.l(ffltui.o)
    0x0800037a   0x0800037a   0x0000001a   Code   RO         3540    .text               mf_w.l(dfltui.o)
    0x08000394   0x08000394   0x00000032   Code   RO         3546    .text               mf_w.l(dfixui.o)
    0x080003c6   0x080003c6   0x00000026   Code   RO         3548    .text               mf_w.l(f2d.o)
    0x080003ec   0x080003ec   0x0000002c   Code   RO         3565    .text               mc_w.l(uidiv.o)
    0x08000418   0x08000418   0x00000062   Code   RO         3567    .text               mc_w.l(uldiv.o)
    0x0800047a   0x0800047a   0x00000000   Code   RO         3571    .text               mc_w.l(iusefp.o)
    0x0800047a   0x0800047a   0x0000006e   Code   RO         3572    .text               mf_w.l(fepilogue.o)
    0x080004e8   0x080004e8   0x000000ba   Code   RO         3574    .text               mf_w.l(depilogue.o)
    0x080005a2   0x080005a2   0x0000014e   Code   RO         3576    .text               mf_w.l(dadd.o)
    0x080006f0   0x080006f0   0x000000e4   Code   RO         3578    .text               mf_w.l(dmul.o)
    0x080007d4   0x080007d4   0x000000de   Code   RO         3580    .text               mf_w.l(ddiv.o)
    0x080008b2   0x080008b2   0x00000030   Code   RO         3582    .text               mf_w.l(dfixul.o)
    0x080008e2   0x080008e2   0x00000002   PAD
    0x080008e4   0x080008e4   0x00000030   Code   RO         3584    .text               mf_w.l(cdrcmple.o)
    0x08000914   0x08000914   0x00000024   Code   RO         3586    .text               mc_w.l(init.o)
    0x08000938   0x08000938   0x0000001e   Code   RO         3588    .text               mc_w.l(llshl.o)
    0x08000956   0x08000956   0x00000024   Code   RO         3590    .text               mc_w.l(llsshr.o)
    0x0800097a   0x0800097a   0x00000002   PAD
    0x0800097c   0x0800097c   0x0000000c   Code   RO          379    i.ADC1_2_IRQHandler  stm32f1xx_it.o
    0x08000988   0x08000988   0x00000056   Code   RO          551    i.ADC_ConversionStop_Disable  stm32f1xx_hal_adc.o
    0x080009de   0x080009de   0x0000004e   Code   RO          552    i.ADC_DMAConvCplt   stm32f1xx_hal_adc.o
    0x08000a2c   0x08000a2c   0x0000001a   Code   RO          553    i.ADC_DMAError      stm32f1xx_hal_adc.o
    0x08000a46   0x08000a46   0x0000000a   Code   RO          554    i.ADC_DMAHalfConvCplt  stm32f1xx_hal_adc.o
    0x08000a50   0x08000a50   0x0000007c   Code   RO          555    i.ADC_Enable        stm32f1xx_hal_adc.o
    0x08000acc   0x08000acc   0x0000007c   Code   RO         2889    i.Btn_0_handler     key_app.o
    0x08000b48   0x08000b48   0x0000007c   Code   RO         2890    i.Btn_1_handler     key_app.o
    0x08000bc4   0x08000bc4   0x00000078   Code   RO         2891    i.Btn_2_handler     key_app.o
    0x08000c3c   0x08000c3c   0x00000298   Code   RO         2892    i.Btn_3_handler     key_app.o
    0x08000ed4   0x08000ed4   0x00000002   Code   RO          380    i.BusFault_Handler  stm32f1xx_it.o
    0x08000ed6   0x08000ed6   0x00000002   PAD
    0x08000ed8   0x08000ed8   0x0000000c   Code   RO          381    i.DMA1_Channel1_IRQHandler  stm32f1xx_it.o
    0x08000ee4   0x08000ee4   0x0000000c   Code   RO          382    i.DMA1_Channel5_IRQHandler  stm32f1xx_it.o
    0x08000ef0   0x08000ef0   0x0000000c   Code   RO          383    i.DMA1_Channel6_IRQHandler  stm32f1xx_it.o
    0x08000efc   0x08000efc   0x0000002a   Code   RO         1207    i.DMA_SetConfig     stm32f1xx_hal_dma.o
    0x08000f26   0x08000f26   0x00000002   Code   RO          384    i.DebugMon_Handler  stm32f1xx_it.o
    0x08000f28   0x08000f28   0x00000004   Code   RO           13    i.Error_Handler     main.o
    0x08000f2c   0x08000f2c   0x00000002   Code   RO          733    i.HAL_ADCEx_InjectedConvCpltCallback  stm32f1xx_hal_adc_ex.o
    0x08000f2e   0x08000f2e   0x00000002   PAD
    0x08000f30   0x08000f30   0x000000fc   Code   RO          557    i.HAL_ADC_ConfigChannel  stm32f1xx_hal_adc.o
    0x0800102c   0x0800102c   0x00000002   Code   RO          558    i.HAL_ADC_ConvCpltCallback  stm32f1xx_hal_adc.o
    0x0800102e   0x0800102e   0x00000002   Code   RO          559    i.HAL_ADC_ConvHalfCpltCallback  stm32f1xx_hal_adc.o
    0x08001030   0x08001030   0x00000002   Code   RO          561    i.HAL_ADC_ErrorCallback  stm32f1xx_hal_adc.o
    0x08001032   0x08001032   0x000000dc   Code   RO          565    i.HAL_ADC_IRQHandler  stm32f1xx_hal_adc.o
    0x0800110e   0x0800110e   0x00000002   PAD
    0x08001110   0x08001110   0x0000011c   Code   RO          566    i.HAL_ADC_Init      stm32f1xx_hal_adc.o
    0x0800122c   0x0800122c   0x00000002   Code   RO          567    i.HAL_ADC_LevelOutOfWindowCallback  stm32f1xx_hal_adc.o
    0x0800122e   0x0800122e   0x00000002   PAD
    0x08001230   0x08001230   0x000000a0   Code   RO          224    i.HAL_ADC_MspInit   adc.o
    0x080012d0   0x080012d0   0x0000010c   Code   RO          573    i.HAL_ADC_Start_DMA  stm32f1xx_hal_adc.o
    0x080013dc   0x080013dc   0x00000046   Code   RO         1208    i.HAL_DMA_Abort     stm32f1xx_hal_dma.o
    0x08001422   0x08001422   0x00000002   PAD
    0x08001424   0x08001424   0x00000098   Code   RO         1209    i.HAL_DMA_Abort_IT  stm32f1xx_hal_dma.o
    0x080014bc   0x080014bc   0x00000006   Code   RO         1212    i.HAL_DMA_GetState  stm32f1xx_hal_dma.o
    0x080014c2   0x080014c2   0x00000002   PAD
    0x080014c4   0x080014c4   0x00000154   Code   RO         1213    i.HAL_DMA_IRQHandler  stm32f1xx_hal_dma.o
    0x08001618   0x08001618   0x0000005c   Code   RO         1214    i.HAL_DMA_Init      stm32f1xx_hal_dma.o
    0x08001674   0x08001674   0x00000070   Code   RO         1218    i.HAL_DMA_Start_IT  stm32f1xx_hal_dma.o
    0x080016e4   0x080016e4   0x000001e0   Code   RO         1144    i.HAL_GPIO_Init     stm32f1xx_hal_gpio.o
    0x080018c4   0x080018c4   0x0000000a   Code   RO         1146    i.HAL_GPIO_ReadPin  stm32f1xx_hal_gpio.o
    0x080018ce   0x080018ce   0x00000002   PAD
    0x080018d0   0x080018d0   0x0000000c   Code   RO          838    i.HAL_GetTick       stm32f1xx_hal.o
    0x080018dc   0x080018dc   0x00000002   Code   RO         1804    i.HAL_I2C_AbortCpltCallback  stm32f1xx_hal_i2c.o
    0x080018de   0x080018de   0x00000002   Code   RO         1805    i.HAL_I2C_AddrCallback  stm32f1xx_hal_i2c.o
    0x080018e0   0x080018e0   0x00000230   Code   RO         1809    i.HAL_I2C_EV_IRQHandler  stm32f1xx_hal_i2c.o
    0x08001b10   0x08001b10   0x00000002   Code   RO         1811    i.HAL_I2C_ErrorCallback  stm32f1xx_hal_i2c.o
    0x08001b12   0x08001b12   0x00000002   PAD
    0x08001b14   0x08001b14   0x00000188   Code   RO         1815    i.HAL_I2C_Init      stm32f1xx_hal_i2c.o
    0x08001c9c   0x08001c9c   0x00000002   Code   RO         1817    i.HAL_I2C_ListenCpltCallback  stm32f1xx_hal_i2c.o
    0x08001c9e   0x08001c9e   0x00000002   Code   RO         1818    i.HAL_I2C_MasterRxCpltCallback  stm32f1xx_hal_i2c.o
    0x08001ca0   0x08001ca0   0x00000034   Code   RO         3070    i.HAL_I2C_MasterTxCpltCallback  oled.o
    0x08001cd4   0x08001cd4   0x00000154   Code   RO         1829    i.HAL_I2C_Master_Transmit_DMA  stm32f1xx_hal_i2c.o
    0x08001e28   0x08001e28   0x00000002   Code   RO         1831    i.HAL_I2C_MemRxCpltCallback  stm32f1xx_hal_i2c.o
    0x08001e2a   0x08001e2a   0x00000002   PAD
    0x08001e2c   0x08001e2c   0x00000038   Code   RO         3071    i.HAL_I2C_MemTxCpltCallback  oled.o
    0x08001e64   0x08001e64   0x00000190   Code   RO         1837    i.HAL_I2C_Mem_Write_DMA  stm32f1xx_hal_i2c.o
    0x08001ff4   0x08001ff4   0x000000b4   Code   RO          290    i.HAL_I2C_MspInit   i2c.o
    0x080020a8   0x080020a8   0x00000002   Code   RO         1841    i.HAL_I2C_SlaveRxCpltCallback  stm32f1xx_hal_i2c.o
    0x080020aa   0x080020aa   0x00000002   Code   RO         1842    i.HAL_I2C_SlaveTxCpltCallback  stm32f1xx_hal_i2c.o
    0x080020ac   0x080020ac   0x00000010   Code   RO          844    i.HAL_IncTick       stm32f1xx_hal.o
    0x080020bc   0x080020bc   0x00000024   Code   RO          845    i.HAL_Init          stm32f1xx_hal.o
    0x080020e0   0x080020e0   0x00000040   Code   RO          846    i.HAL_InitTick      stm32f1xx_hal.o
    0x08002120   0x08002120   0x0000003c   Code   RO          491    i.HAL_MspInit       stm32f1xx_hal_msp.o
    0x0800215c   0x0800215c   0x0000001a   Code   RO         1304    i.HAL_NVIC_EnableIRQ  stm32f1xx_hal_cortex.o
    0x08002176   0x08002176   0x00000002   PAD
    0x08002178   0x08002178   0x00000040   Code   RO         1310    i.HAL_NVIC_SetPriority  stm32f1xx_hal_cortex.o
    0x080021b8   0x080021b8   0x00000024   Code   RO         1311    i.HAL_NVIC_SetPriorityGrouping  stm32f1xx_hal_cortex.o
    0x080021dc   0x080021dc   0x000000ec   Code   RO         1106    i.HAL_RCCEx_PeriphCLKConfig  stm32f1xx_hal_rcc_ex.o
    0x080022c8   0x080022c8   0x0000012c   Code   RO         1002    i.HAL_RCC_ClockConfig  stm32f1xx_hal_rcc.o
    0x080023f4   0x080023f4   0x00000020   Code   RO         1009    i.HAL_RCC_GetPCLK1Freq  stm32f1xx_hal_rcc.o
    0x08002414   0x08002414   0x00000020   Code   RO         1010    i.HAL_RCC_GetPCLK2Freq  stm32f1xx_hal_rcc.o
    0x08002434   0x08002434   0x0000004c   Code   RO         1011    i.HAL_RCC_GetSysClockFreq  stm32f1xx_hal_rcc.o
    0x08002480   0x08002480   0x00000320   Code   RO         1014    i.HAL_RCC_OscConfig  stm32f1xx_hal_rcc.o
    0x080027a0   0x080027a0   0x00000028   Code   RO         1315    i.HAL_SYSTICK_Config  stm32f1xx_hal_cortex.o
    0x080027c8   0x080027c8   0x0000004a   Code   RO         2287    i.HAL_UARTEx_ReceiveToIdle_DMA  stm32f1xx_hal_uart.o
    0x08002812   0x08002812   0x00000002   PAD
    0x08002814   0x08002814   0x0000002c   Code   RO         2736    i.HAL_UARTEx_RxEventCallback  uart_app.o
    0x08002840   0x08002840   0x00000002   Code   RO         2303    i.HAL_UART_ErrorCallback  stm32f1xx_hal_uart.o
    0x08002842   0x08002842   0x00000002   PAD
    0x08002844   0x08002844   0x0000026c   Code   RO         2306    i.HAL_UART_IRQHandler  stm32f1xx_hal_uart.o
    0x08002ab0   0x08002ab0   0x00000064   Code   RO         2307    i.HAL_UART_Init     stm32f1xx_hal_uart.o
    0x08002b14   0x08002b14   0x000000b0   Code   RO          332    i.HAL_UART_MspInit  usart.o
    0x08002bc4   0x08002bc4   0x00000002   Code   RO         2313    i.HAL_UART_RxCpltCallback  stm32f1xx_hal_uart.o
    0x08002bc6   0x08002bc6   0x00000002   Code   RO         2314    i.HAL_UART_RxHalfCpltCallback  stm32f1xx_hal_uart.o
    0x08002bc8   0x08002bc8   0x000000a0   Code   RO         2315    i.HAL_UART_Transmit  stm32f1xx_hal_uart.o
    0x08002c68   0x08002c68   0x00000002   Code   RO         2318    i.HAL_UART_TxCpltCallback  stm32f1xx_hal_uart.o
    0x08002c6a   0x08002c6a   0x00000002   Code   RO          385    i.HardFault_Handler  stm32f1xx_it.o
    0x08002c6c   0x08002c6c   0x0000000c   Code   RO          386    i.I2C1_EV_IRQHandler  stm32f1xx_it.o
    0x08002c78   0x08002c78   0x000000bc   Code   RO         1853    i.I2C_DMAAbort      stm32f1xx_hal_i2c.o
    0x08002d34   0x08002d34   0x00000036   Code   RO         1854    i.I2C_DMAError      stm32f1xx_hal_i2c.o
    0x08002d6a   0x08002d6a   0x00000112   Code   RO         1855    i.I2C_DMAXferCplt   stm32f1xx_hal_i2c.o
    0x08002e7c   0x08002e7c   0x00000010   Code   RO         1856    i.I2C_Flush_DR      stm32f1xx_hal_i2c.o
    0x08002e8c   0x08002e8c   0x00000158   Code   RO         1857    i.I2C_ITError       stm32f1xx_hal_i2c.o
    0x08002fe4   0x08002fe4   0x0000002e   Code   RO         1858    i.I2C_IsAcknowledgeFailed  stm32f1xx_hal_i2c.o
    0x08003012   0x08003012   0x000000da   Code   RO         1859    i.I2C_MasterReceive_BTF  stm32f1xx_hal_i2c.o
    0x080030ec   0x080030ec   0x000000f4   Code   RO         1860    i.I2C_MasterReceive_RXNE  stm32f1xx_hal_i2c.o
    0x080031e0   0x080031e0   0x00000082   Code   RO         1863    i.I2C_MasterTransmit_BTF  stm32f1xx_hal_i2c.o
    0x08003262   0x08003262   0x00000002   PAD
    0x08003264   0x08003264   0x000000b6   Code   RO         1864    i.I2C_MasterTransmit_TXE  stm32f1xx_hal_i2c.o
    0x0800331a   0x0800331a   0x00000002   PAD
    0x0800331c   0x0800331c   0x00000158   Code   RO         1865    i.I2C_Master_ADDR   stm32f1xx_hal_i2c.o
    0x08003474   0x08003474   0x0000008c   Code   RO         1866    i.I2C_Master_SB     stm32f1xx_hal_i2c.o
    0x08003500   0x08003500   0x000000a8   Code   RO         1867    i.I2C_MemoryTransmit_TXE_BTF  stm32f1xx_hal_i2c.o
    0x080035a8   0x080035a8   0x000000a8   Code   RO         1869    i.I2C_RequestMemoryWrite  stm32f1xx_hal_i2c.o
    0x08003650   0x08003650   0x00000046   Code   RO         1870    i.I2C_Slave_ADDR    stm32f1xx_hal_i2c.o
    0x08003696   0x08003696   0x00000002   PAD
    0x08003698   0x08003698   0x0000015c   Code   RO         1872    i.I2C_Slave_STOPF   stm32f1xx_hal_i2c.o
    0x080037f4   0x080037f4   0x00000090   Code   RO         1874    i.I2C_WaitOnFlagUntilTimeout  stm32f1xx_hal_i2c.o
    0x08003884   0x08003884   0x000000bc   Code   RO         1875    i.I2C_WaitOnMasterAddressFlagUntilTimeout  stm32f1xx_hal_i2c.o
    0x08003940   0x08003940   0x00000056   Code   RO         1877    i.I2C_WaitOnTXEFlagUntilTimeout  stm32f1xx_hal_i2c.o
    0x08003996   0x08003996   0x00000002   PAD
    0x08003998   0x08003998   0x0000008c   Code   RO          225    i.MX_ADC1_Init      adc.o
    0x08003a24   0x08003a24   0x0000004c   Code   RO          265    i.MX_DMA_Init       dma.o
    0x08003a70   0x08003a70   0x00000070   Code   RO          199    i.MX_GPIO_Init      gpio.o
    0x08003ae0   0x08003ae0   0x00000040   Code   RO          291    i.MX_I2C1_Init      i2c.o
    0x08003b20   0x08003b20   0x00000050   Code   RO          333    i.MX_USART1_UART_Init  usart.o
    0x08003b70   0x08003b70   0x00000002   Code   RO          387    i.MemManage_Handler  stm32f1xx_it.o
    0x08003b72   0x08003b72   0x00000002   Code   RO          388    i.NMI_Handler       stm32f1xx_it.o
    0x08003b74   0x08003b74   0x0000002c   Code   RO         3073    i.OLED_Clear        oled.o
    0x08003ba0   0x08003ba0   0x0000003c   Code   RO         3074    i.OLED_DrawPoint    oled.o
    0x08003bdc   0x08003bdc   0x00000054   Code   RO         3075    i.OLED_DrawRectangle  oled.o
    0x08003c30   0x08003c30   0x00000046   Code   RO         3076    i.OLED_Draw_Line    oled.o
    0x08003c76   0x08003c76   0x00000002   PAD
    0x08003c78   0x08003c78   0x0000002c   Code   RO         2823    i.OLED_Proc         app_oled.o
    0x08003ca4   0x08003ca4   0x00000090   Code   RO         3077    i.OLED_ShowChar     oled.o
    0x08003d34   0x08003d34   0x0000003e   Code   RO         3079    i.OLED_ShowString   oled.o
    0x08003d72   0x08003d72   0x00000002   PAD
    0x08003d74   0x08003d74   0x00000020   Code   RO         3082    i.OLED_init         oled.o
    0x08003d94   0x08003d94   0x00000020   Code   RO         3083    i.OLED_operate_gram  oled.o
    0x08003db4   0x08003db4   0x00000064   Code   RO         3084    i.OLED_refresh_gram  oled.o
    0x08003e18   0x08003e18   0x00000020   Code   RO         3085    i.OLED_set_pos      oled.o
    0x08003e38   0x08003e38   0x00000002   Code   RO          389    i.PendSV_Handler    stm32f1xx_it.o
    0x08003e3a   0x08003e3a   0x00000002   Code   RO          390    i.SVC_Handler       stm32f1xx_it.o
    0x08003e3c   0x08003e3c   0x00000004   Code   RO          391    i.SysTick_Handler   stm32f1xx_it.o
    0x08003e40   0x08003e40   0x00000078   Code   RO           14    i.SystemClock_Config  main.o
    0x08003eb8   0x08003eb8   0x00000002   Code   RO         2641    i.SystemInit        system_stm32f1xx.o
    0x08003eba   0x08003eba   0x00000010   Code   RO         2320    i.UART_DMAAbortOnError  stm32f1xx_hal_uart.o
    0x08003eca   0x08003eca   0x0000004a   Code   RO         2321    i.UART_DMAError     stm32f1xx_hal_uart.o
    0x08003f14   0x08003f14   0x00000086   Code   RO         2322    i.UART_DMAReceiveCplt  stm32f1xx_hal_uart.o
    0x08003f9a   0x08003f9a   0x0000001e   Code   RO         2324    i.UART_DMARxHalfCplt  stm32f1xx_hal_uart.o
    0x08003fb8   0x08003fb8   0x0000004e   Code   RO         2330    i.UART_EndRxTransfer  stm32f1xx_hal_uart.o
    0x08004006   0x08004006   0x0000001c   Code   RO         2331    i.UART_EndTxTransfer  stm32f1xx_hal_uart.o
    0x08004022   0x08004022   0x000000c2   Code   RO         2332    i.UART_Receive_IT   stm32f1xx_hal_uart.o
    0x080040e4   0x080040e4   0x000000b8   Code   RO         2333    i.UART_SetConfig    stm32f1xx_hal_uart.o
    0x0800419c   0x0800419c   0x00000090   Code   RO         2334    i.UART_Start_Receive_DMA  stm32f1xx_hal_uart.o
    0x0800422c   0x0800422c   0x00000072   Code   RO         2336    i.UART_WaitOnFlagUntilTimeout  stm32f1xx_hal_uart.o
    0x0800429e   0x0800429e   0x00000002   PAD
    0x080042a0   0x080042a0   0x0000002c   Code   RO          392    i.USART1_IRQHandler  stm32f1xx_it.o
    0x080042cc   0x080042cc   0x00000002   Code   RO          393    i.UsageFault_Handler  stm32f1xx_it.o
    0x080042ce   0x080042ce   0x00000002   PAD
    0x080042d0   0x080042d0   0x00000020   Code   RO         3472    i.__0printf         mc_w.l(printfa.o)
    0x080042f0   0x080042f0   0x00000030   Code   RO         3473    i.__0snprintf       mc_w.l(printfa.o)
    0x08004320   0x08004320   0x00000020   Code   RO         1317    i.__NVIC_SetPriority  stm32f1xx_hal_cortex.o
    0x08004340   0x08004340   0x0000000e   Code   RO         3594    i.__scatterload_copy  mc_w.l(handlers.o)
    0x0800434e   0x0800434e   0x00000002   Code   RO         3595    i.__scatterload_null  mc_w.l(handlers.o)
    0x08004350   0x08004350   0x0000000e   Code   RO         3596    i.__scatterload_zeroinit  mc_w.l(handlers.o)
    0x0800435e   0x0800435e   0x00000002   PAD
    0x08004360   0x08004360   0x00000184   Code   RO         3479    i._fp_digits        mc_w.l(printfa.o)
    0x080044e4   0x080044e4   0x000006dc   Code   RO         3480    i._printf_core      mc_w.l(printfa.o)
    0x08004bc0   0x08004bc0   0x00000024   Code   RO         3481    i._printf_post_padding  mc_w.l(printfa.o)
    0x08004be4   0x08004be4   0x0000002e   Code   RO         3482    i._printf_pre_padding  mc_w.l(printfa.o)
    0x08004c12   0x08004c12   0x00000016   Code   RO         3483    i._snputc           mc_w.l(printfa.o)
    0x08004c28   0x08004c28   0x00000020   Code   RO         2958    i.action_1          auto_menu.o
    0x08004c48   0x08004c48   0x000000d0   Code   RO         2859    i.adc_proc          adc_app.o
    0x08004d18   0x08004d18   0x00000016   Code   RO         2960    i.add_menu_item     auto_menu.o
    0x08004d2e   0x08004d2e   0x00000002   PAD
    0x08004d30   0x08004d30   0x00000038   Code   RO         2961    i.adjust_value      auto_menu.o
    0x08004d68   0x08004d68   0x00000158   Code   RO         2962    i.auto_menu_display  auto_menu.o
    0x08004ec0   0x08004ec0   0x0000011c   Code   RO         2963    i.auto_menu_handle_key  auto_menu.o
    0x08004fdc   0x08004fdc   0x00000018   Code   RO         2964    i.auto_menu_init    auto_menu.o
    0x08004ff4   0x08004ff4   0x00000054   Code   RO         2965    i.create_menu_item  auto_menu.o
    0x08005048   0x08005048   0x0000002c   Code   RO         3088    i.draw_axes         oled.o
    0x08005074   0x08005074   0x00000018   Code   RO          334    i.fputc             usart.o
    0x0800508c   0x0800508c   0x00000018   Code   RO         2967    i.get_menu_item_count  auto_menu.o
    0x080050a4   0x080050a4   0x0000006c   Code   RO         2894    i.key_init          key_app.o
    0x08005110   0x08005110   0x0000003c   Code   RO         2895    i.key_proc          key_app.o
    0x0800514c   0x0800514c   0x000000aa   Code   RO         2896    i.key_task          key_app.o
    0x080051f6   0x080051f6   0x00000002   PAD
    0x080051f8   0x080051f8   0x00000050   Code   RO           15    i.main              main.o
    0x08005248   0x08005248   0x0000006c   Code   RO         3501    i.malloc            mc_w.l(malloc.o)
    0x080052b4   0x080052b4   0x00000148   Code   RO         2968    i.menu_init         auto_menu.o
    0x080053fc   0x080053fc   0x00000016   Code   RO         2775    i.ringbuffer_init   ringbuffer.o
    0x08005412   0x08005412   0x0000000c   Code   RO         2776    i.ringbuffer_is_empty  ringbuffer.o
    0x0800541e   0x0800541e   0x0000000e   Code   RO         2777    i.ringbuffer_is_full  ringbuffer.o
    0x0800542c   0x0800542c   0x00000038   Code   RO         2778    i.ringbuffer_read   ringbuffer.o
    0x08005464   0x08005464   0x0000003a   Code   RO         2779    i.ringbuffer_write  ringbuffer.o
    0x0800549e   0x0800549e   0x00000002   PAD
    0x080054a0   0x080054a0   0x0000000c   Code   RO         2678    i.schelder_init     schelder.o
    0x080054ac   0x080054ac   0x0000003c   Code   RO         2679    i.schelder_run      schelder.o
    0x080054e8   0x080054e8   0x00000026   Code   RO         2970    i.strdup            auto_menu.o
    0x0800550e   0x0800550e   0x00000002   PAD
    0x08005510   0x08005510   0x00000030   Code   RO         2971    i.toggle_bool       auto_menu.o
    0x08005540   0x08005540   0x00000050   Code   RO         2737    i.uart_proc         uart_app.o
    0x08005590   0x08005590   0x00000012   Data   RO         1015    .constdata          stm32f1xx_hal_rcc.o
    0x080055a2   0x080055a2   0x00000010   Data   RO         2642    .constdata          system_stm32f1xx.o
    0x080055b2   0x080055b2   0x00000008   Data   RO         2643    .constdata          system_stm32f1xx.o
    0x080055ba   0x080055ba   0x00000a64   Data   RO         3092    .constdata          oled.o
    0x0800601e   0x0800601e   0x00000002   PAD
    0x08006020   0x08006020   0x00000020   Data   RO         3592    Region$$Table       anon$$obj.o


    Execution Region RW_IRAM1 (Exec base: 0x20000000, Load base: 0x08006040, Size: 0x00001498, Max: 0x00005000, ABSOLUTE)

    Exec Addr    Load Addr    Size         Type   Attr      Idx    E Section Name        Object

    0x20000000   0x08006040   0x0000000c   Data   RW          852    .data               stm32f1xx_hal.o
    0x2000000c   0x0800604c   0x00000004   Data   RW         2644    .data               system_stm32f1xx.o
    0x20000010   0x08006050   0x00000034   Data   RW         2680    .data               schelder.o
    0x20000044   0x08006084   0x00000001   Data   RW         2826    .data               app_oled.o
    0x20000045   0x08006085   0x00000001   Data   RW         2898    .data               key_app.o
    0x20000046   0x08006086   0x00000002   PAD
    0x20000048   0x08006088   0x00000014   Data   RW         2974    .data               auto_menu.o
    0x2000005c   0x0800609c   0x0000001f   Data   RW         3094    .data               oled.o
    0x2000007b   0x080060bb   0x00000001   PAD
    0x2000007c   0x080060bc   0x00000004   Data   RW         3564    .data               mc_w.l(stdout.o)
    0x20000080   0x080060c0   0x00000004   Data   RW         3569    .data               mc_w.l(mvars.o)
    0x20000084   0x080060c4   0x00000004   Data   RW         3570    .data               mc_w.l(mvars.o)
    0x20000088        -       0x00000074   Zero   RW          226    .bss                adc.o
    0x200000fc        -       0x00000098   Zero   RW          292    .bss                i2c.o
    0x20000194        -       0x0000008c   Zero   RW          335    .bss                usart.o
    0x20000220        -       0x000000ec   Zero   RW         2738    .bss                uart_app.o
    0x2000030c        -       0x00000100   Zero   RW         2824    .bss                app_oled.o
    0x2000040c        -       0x000001f0   Zero   RW         2860    .bss                adc_app.o
    0x200005fc        -       0x00000050   Zero   RW         2897    .bss                key_app.o
    0x2000064c        -       0x00000028   Zero   RW         2973    .bss                auto_menu.o
    0x20000674        -       0x00000820   Zero   RW         3090    .bss                oled.o
    0x20000e94   0x080060c8   0x00000004   PAD
    0x20000e98        -       0x00000200   Zero   RW            2    HEAP                startup_stm32f103xb.o
    0x20001098        -       0x00000400   Zero   RW            1    STACK               startup_stm32f103xb.o


==============================================================================

Image component sizes


      Code (inc. data)   RO Data    RW Data    ZI Data      Debug   Object Name

       300         28          0          0        116       1743   adc.o
       208         18          0          0        496       1024   adc_app.o
        44         10          0          1        256       1311   app_oled.o
      1284        300          0         20         40       7518   auto_menu.o
        76          4          0          0          0        742   dma.o
       112         14          0          0          0        871   gpio.o
       244         38          0          0        152       1710   i2c.o
      1370        540          0          1         80       4841   key_app.o
       204         14          0          0          0     426680   main.o
       812         78       2660         31       2080       9518   oled.o
       162          0          0          0          0       3122   ringbuffer.o
        72          8          0         52          0       2761   schelder.o
        36          8        236          0       1536        784   startup_stm32f103xb.o
       128         24          0         12          0       5185   stm32f1xx_hal.o
      1356         56          0          0          0       9670   stm32f1xx_hal_adc.o
         2          0          0          0          0       1025   stm32f1xx_hal_adc_ex.o
       198         14          0          0          0      28847   stm32f1xx_hal_cortex.o
       814         36          0          0          0       5413   stm32f1xx_hal_dma.o
       490         34          0          0          0       2843   stm32f1xx_hal_gpio.o
      5060         88          0          0          0      27612   stm32f1xx_hal_i2c.o
        60          8          0          0          0        842   stm32f1xx_hal_msp.o
      1240         84         18          0          0       5016   stm32f1xx_hal_rcc.o
       236         12          0          0          0       1348   stm32f1xx_hal_rcc_ex.o
      1958         24          0          0          0      13941   stm32f1xx_hal_uart.o
       124         42          0          0          0       6316   stm32f1xx_it.o
         2          0         24          4          0       1071   system_stm32f1xx.o
       124         36          0          0        236       2077   uart_app.o
       280         40          0          0        140       2265   usart.o

    ----------------------------------------------------------------------
     17044       1558       2972        124       5136     576096   Object Totals
         0          0         32          0          0          0   (incl. Generated)
        48          0          2          3          4          0   (incl. Padding)

    ----------------------------------------------------------------------

      Code (inc. data)   RO Data    RW Data    ZI Data      Debug   Library Member Name

         0          0          0          0          0          0   entry.o
         0          0          0          0          0          0   entry10a.o
         0          0          0          0          0          0   entry11a.o
         8          4          0          0          0          0   entry2.o
         4          0          0          0          0          0   entry5.o
         0          0          0          0          0          0   entry7b.o
         0          0          0          0          0          0   entry8b.o
         8          4          0          0          0          0   entry9a.o
        30          0          0          0          0          0   handlers.o
        36          8          0          0          0         68   init.o
         0          0          0          0          0          0   iusefp.o
        30          0          0          0          0         68   llshl.o
        36          0          0          0          0         68   llsshr.o
        32          0          0          0          0         68   llushr.o
       108         16          0          0          0         84   malloc.o
        36          0          0          0          0         68   memcpya.o
        36          0          0          0          0        108   memseta.o
         0          0          0          8          0          0   mvars.o
      2328         94          0          0          0        604   printfa.o
         0          0          0          4          0          0   stdout.o
        24          0          0          0          0         68   strcat.o
        14          0          0          0          0         68   strlen.o
        44          0          0          0          0         80   uidiv.o
        98          0          0          0          0         92   uldiv.o
        48          0          0          0          0         68   cdrcmple.o
       334          0          0          0          0        148   dadd.o
       222          0          0          0          0        100   ddiv.o
       186          0          0          0          0        176   depilogue.o
        50          0          0          0          0         76   dfixui.o
        48          0          0          0          0         68   dfixul.o
        26          0          0          0          0         76   dfltui.o
       228          0          0          0          0         96   dmul.o
        46          0          0          0          0         80   dscalb.o
        38          0          0          0          0         68   f2d.o
       176          0          0          0          0        140   fadd.o
       124          0          0          0          0         88   fdiv.o
       110          0          0          0          0        168   fepilogue.o
        10          0          0          0          0         68   ffltui.o
       100          0          0          0          0         76   fmul.o

    ----------------------------------------------------------------------
      4624        126          0         12          0       2940   Library Totals
         6          0          0          0          0          0   (incl. Padding)

    ----------------------------------------------------------------------

      Code (inc. data)   RO Data    RW Data    ZI Data      Debug   Library Name

      2872        126          0         12          0       1444   mc_w.l
      1746          0          0          0          0       1496   mf_w.l

    ----------------------------------------------------------------------
      4624        126          0         12          0       2940   Library Totals

    ----------------------------------------------------------------------

==============================================================================


      Code (inc. data)   RO Data    RW Data    ZI Data      Debug   

     21668       1684       2972        136       5136     569568   Grand Totals
     21668       1684       2972        136       5136     569568   ELF Image Totals
     21668       1684       2972        136          0          0   ROM Totals

==============================================================================

    Total RO  Size (Code + RO Data)                24640 (  24.06kB)
    Total RW  Size (RW Data + ZI Data)              5272 (   5.15kB)
    Total ROM Size (Code + RO Data + RW Data)      24776 (  24.20kB)

==============================================================================

